[     926ms] [INFO] [08:41:30 p. m.] [ui] Estilo de chat interno: float. @ http://localhost:8080/src/state/appState.js:106
[     941ms] [INFO] [08:41:30 p. m.] [ui] Chat interno oculto. @ http://localhost:8080/src/state/appState.js:106
[     958ms] [INFO] [08:41:30 p. m.] [ui] Chat lateral en posicion: lateral. @ http://localhost:8080/src/state/appState.js:106
[     965ms] [INFO] [08:41:30 p. m.] [connection] Activa @ http://localhost:8080/src/state/appState.js:106
[     967ms] [INFO] [08:41:30 p. m.] [app] Interfaz lista. Video de ejemplo precargado. @ http://localhost:8080/src/state/appState.js:106
[    2189ms] [ERROR] Failed to load resource: the server responded with a status of 404 (Not Found) @ http://localhost:8080/favicon.ico:0
[   12075ms] [INFO] [08:41:41 p. m.] [connection] Iniciando @ http://localhost:8080/src/state/appState.js:106
[   12088ms] [INFO] [08:41:41 p. m.] [room] Entrando a sala 61093. @ http://localhost:8080/src/state/appState.js:106
[   14656ms] [INFO] [08:41:44 p. m.] [connection] Activa @ http://localhost:8080/src/state/appState.js:106
[   14658ms] [INFO] [08:41:44 p. m.] [firebase] Sesion anonima conectada. @ http://localhost:8080/src/state/appState.js:106
[   14662ms] [INFO] [08:41:44 p. m.] [firebase] Offset de tiempo: 3178 ms. @ http://localhost:8080/src/state/appState.js:106
[   14757ms] [INFO] [08:41:44 p. m.] [ui] Chat interno oculto. @ http://localhost:8080/src/state/appState.js:106
[   14759ms] [INFO] [08:41:44 p. m.] [room] Sala 61093 activa. @ http://localhost:8080/src/state/appState.js:106
[   20163ms] [INFO] [08:41:49 p. m.] [chat:recv] Mensaje recibido de Usuario 1F1C. @ http://localhost:8080/src/state/appState.js:106
[   20165ms] [INFO] [08:41:49 p. m.] [chat:send] Mensaje de Usuario 1F1C. @ http://localhost:8080/src/state/appState.js:106
[   20319ms] [INFO] [08:41:50 p. m.] [firebase] Mensaje enviado. @ http://localhost:8080/src/state/appState.js:106
[  141552ms] [INFO] [08:43:51 p. m.] [ui] Estilo de chat interno: float. @ http://localhost:8080/src/state/appState.js:106
[  141553ms] [INFO] [08:43:51 p. m.] [ui] Chat interno oculto. @ http://localhost:8080/src/state/appState.js:106
[  141564ms] [INFO] [08:43:51 p. m.] [ui] Chat lateral en posicion: lateral. @ http://localhost:8080/src/state/appState.js:106
[  141570ms] [INFO] [08:43:51 p. m.] [app] Interfaz lista. Video de ejemplo precargado. @ http://localhost:8080/src/state/appState.js:106
[  141581ms] [INFO] [08:43:51 p. m.] [connection] Iniciando @ http://localhost:8080/src/state/appState.js:106
[  141582ms] [INFO] [08:43:51 p. m.] [room] Entrando a sala 61093. @ http://localhost:8080/src/state/appState.js:106
[  142785ms] [INFO] [08:43:52 p. m.] [firebase] Sala huerfana detectada al entrar. Limpiando datos residuales. @ http://localhost:8080/src/state/appState.js:106
[  143162ms] [INFO] [08:43:52 p. m.] [connection] Activa @ http://localhost:8080/src/state/appState.js:106
[  143178ms] [INFO] [08:43:52 p. m.] [firebase] Sesion anonima conectada. @ http://localhost:8080/src/state/appState.js:106
[  143206ms] [INFO] [08:43:53 p. m.] [firebase] Offset de tiempo: 3189 ms. @ http://localhost:8080/src/state/appState.js:106
[  143274ms] [INFO] [08:43:53 p. m.] [ui] Chat interno oculto. @ http://localhost:8080/src/state/appState.js:106
[  143282ms] [INFO] [08:43:53 p. m.] [room] Sala 61093 activa. @ http://localhost:8080/src/state/appState.js:106
[  443286ms] [INFO] [08:48:53 p. m.] [chat:recv] Mensaje recibido de Usuario 1F1C. @ http://localhost:8080/src/state/appState.js:106
[  443310ms] [INFO] [08:48:53 p. m.] [chat:send] Mensaje de Usuario 1F1C. @ http://localhost:8080/src/state/appState.js:106
[  443405ms] [INFO] [08:48:53 p. m.] [firebase] Mensaje enviado. @ http://localhost:8080/src/state/appState.js:106
[  445551ms] [INFO] [08:48:55 p. m.] [chat:recv] Mensaje recibido de Usuario 1F1C. @ http://localhost:8080/src/state/appState.js:106
[  445553ms] [INFO] [08:48:55 p. m.] [chat:send] Mensaje de Usuario 1F1C. @ http://localhost:8080/src/state/appState.js:106
[  445721ms] [INFO] [08:48:55 p. m.] [firebase] Mensaje enviado. @ http://localhost:8080/src/state/appState.js:106
[  456717ms] [INFO] [08:49:06 p. m.] [chat:recv] Mensaje recibido de Usuario 1F1C. @ http://localhost:8080/src/state/appState.js:106
[  456719ms] [INFO] [08:49:06 p. m.] [chat:send] Mensaje de Usuario 1F1C. @ http://localhost:8080/src/state/appState.js:106
[  456884ms] [INFO] [08:49:06 p. m.] [firebase] Mensaje enviado. @ http://localhost:8080/src/state/appState.js:106
[  520608ms] [INFO] [08:50:10 p. m.] [ui] Estilo de chat interno: float. @ http://localhost:8080/src/state/appState.js:106
[  520614ms] [INFO] [08:50:10 p. m.] [ui] Chat interno oculto. @ http://localhost:8080/src/state/appState.js:106
[  520624ms] [INFO] [08:50:10 p. m.] [ui] Chat lateral en posicion: lateral. @ http://localhost:8080/src/state/appState.js:106
[  520632ms] [INFO] [08:50:10 p. m.] [app] Interfaz lista. Video de ejemplo precargado. @ http://localhost:8080/src/state/appState.js:106
[  520648ms] [INFO] [08:50:10 p. m.] [connection] Iniciando @ http://localhost:8080/src/state/appState.js:106
[  520650ms] [INFO] [08:50:10 p. m.] [room] Entrando a sala 61093. @ http://localhost:8080/src/state/appState.js:106
[  522054ms] [INFO] [08:50:11 p. m.] [firebase] Sala huerfana detectada al entrar. Limpiando datos residuales. @ http://localhost:8080/src/state/appState.js:106
[  522453ms] [INFO] [08:50:12 p. m.] [connection] Activa @ http://localhost:8080/src/state/appState.js:106
[  522456ms] [INFO] [08:50:12 p. m.] [firebase] Sesion anonima conectada. @ http://localhost:8080/src/state/appState.js:106
[  522463ms] [INFO] [08:50:12 p. m.] [firebase] Offset de tiempo: 3170 ms. @ http://localhost:8080/src/state/appState.js:106
[  522514ms] [INFO] [08:50:12 p. m.] [ui] Chat interno oculto. @ http://localhost:8080/src/state/appState.js:106
[  522516ms] [INFO] [08:50:12 p. m.] [room] Sala 61093 activa. @ http://localhost:8080/src/state/appState.js:106
[  540553ms] [INFO] [08:50:30 p. m.] [chat:recv] Mensaje recibido de Usuario 1F1C. @ http://localhost:8080/src/state/appState.js:106
[  540555ms] [INFO] [08:50:30 p. m.] [chat:send] Mensaje de Usuario 1F1C. @ http://localhost:8080/src/state/appState.js:106
[  540737ms] [INFO] [08:50:30 p. m.] [firebase] Mensaje enviado. @ http://localhost:8080/src/state/appState.js:106
[  663228ms] [INFO] [08:52:33 p. m.] [ui] Estilo de chat interno: float. @ http://localhost:8080/src/state/appState.js:106
[  663230ms] [INFO] [08:52:33 p. m.] [ui] Chat interno oculto. @ http://localhost:8080/src/state/appState.js:106
[  663242ms] [INFO] [08:52:33 p. m.] [ui] Chat lateral en posicion: lateral. @ http://localhost:8080/src/state/appState.js:106
[  663249ms] [INFO] [08:52:33 p. m.] [app] Interfaz lista. Video de ejemplo precargado. @ http://localhost:8080/src/state/appState.js:106
[  663261ms] [INFO] [08:52:33 p. m.] [connection] Iniciando @ http://localhost:8080/src/state/appState.js:106
[  663263ms] [INFO] [08:52:33 p. m.] [room] Entrando a sala 61093. @ http://localhost:8080/src/state/appState.js:106
[  664607ms] [INFO] [08:52:34 p. m.] [firebase] Sala huerfana detectada al entrar. Limpiando datos residuales. @ http://localhost:8080/src/state/appState.js:106
[  664967ms] [INFO] [08:52:34 p. m.] [connection] Activa @ http://localhost:8080/src/state/appState.js:106
[  664970ms] [INFO] [08:52:34 p. m.] [firebase] Sesion anonima conectada. @ http://localhost:8080/src/state/appState.js:106
[  664973ms] [INFO] [08:52:34 p. m.] [firebase] Offset de tiempo: 3188 ms. @ http://localhost:8080/src/state/appState.js:106
[  664994ms] [INFO] [08:52:34 p. m.] [ui] Chat interno oculto. @ http://localhost:8080/src/state/appState.js:106
[  664996ms] [INFO] [08:52:34 p. m.] [room] Sala 61093 activa. @ http://localhost:8080/src/state/appState.js:106
[  700350ms] [INFO] [08:53:10 p. m.] [chat:recv] Mensaje recibido de Usuario 1F1C. @ http://localhost:8080/src/state/appState.js:106
[  700352ms] [INFO] [08:53:10 p. m.] [chat:send] Mensaje de Usuario 1F1C. @ http://localhost:8080/src/state/appState.js:106
[  700534ms] [INFO] [08:53:10 p. m.] [firebase] Mensaje enviado. @ http://localhost:8080/src/state/appState.js:106
[  703997ms] [INFO] [08:53:13 p. m.] [chat:recv] Mensaje recibido de Usuario 1F1C. @ http://localhost:8080/src/state/appState.js:106
[  703999ms] [INFO] [08:53:13 p. m.] [chat:send] Mensaje de Usuario 1F1C. @ http://localhost:8080/src/state/appState.js:106
[  704183ms] [INFO] [08:53:13 p. m.] [firebase] Mensaje enviado. @ http://localhost:8080/src/state/appState.js:106
[  746807ms] [INFO] [08:53:56 p. m.] [chat:recv] Mensaje recibido de Usuario 1F1C. @ http://localhost:8080/src/state/appState.js:106
[  746809ms] [INFO] [08:53:56 p. m.] [chat:send] Mensaje de Usuario 1F1C. @ http://localhost:8080/src/state/appState.js:106
[  746994ms] [INFO] [08:53:56 p. m.] [firebase] Mensaje enviado. @ http://localhost:8080/src/state/appState.js:106
[ 1025888ms] [INFO] [08:58:35 p. m.] [ui] Estilo de chat interno: float. @ http://localhost:8080/src/state/appState.js:106
[ 1025890ms] [INFO] [08:58:35 p. m.] [ui] Chat interno oculto. @ http://localhost:8080/src/state/appState.js:106
[ 1025901ms] [INFO] [08:58:35 p. m.] [ui] Chat lateral en posicion: lateral. @ http://localhost:8080/src/state/appState.js:106
[ 1025911ms] [INFO] [08:58:35 p. m.] [app] Interfaz lista. Video de ejemplo precargado. @ http://localhost:8080/src/state/appState.js:106
[ 1025925ms] [INFO] [08:58:35 p. m.] [connection] Iniciando @ http://localhost:8080/src/state/appState.js:106
[ 1025926ms] [INFO] [08:58:35 p. m.] [room] Entrando a sala 61093. @ http://localhost:8080/src/state/appState.js:106
[ 1027190ms] [INFO] [08:58:36 p. m.] [firebase] Sala huerfana detectada al entrar. Limpiando datos residuales. @ http://localhost:8080/src/state/appState.js:106
[ 1027547ms] [INFO] [08:58:37 p. m.] [connection] Activa @ http://localhost:8080/src/state/appState.js:106
[ 1027549ms] [INFO] [08:58:37 p. m.] [firebase] Sesion anonima conectada. @ http://localhost:8080/src/state/appState.js:106
[ 1027560ms] [INFO] [08:58:37 p. m.] [firebase] Offset de tiempo: 3193 ms. @ http://localhost:8080/src/state/appState.js:106
[ 1027592ms] [INFO] [08:58:37 p. m.] [ui] Chat interno oculto. @ http://localhost:8080/src/state/appState.js:106
[ 1027594ms] [INFO] [08:58:37 p. m.] [room] Sala 61093 activa. @ http://localhost:8080/src/state/appState.js:106
[ 1098473ms] [INFO] [08:59:48 p. m.] [chat:recv] Mensaje recibido de Usuario 1F1C. @ http://localhost:8080/src/state/appState.js:106
[ 1098475ms] [INFO] [08:59:48 p. m.] [chat:send] Mensaje de Usuario 1F1C. @ http://localhost:8080/src/state/appState.js:106
[ 1098634ms] [INFO] [08:59:48 p. m.] [firebase] Mensaje enviado. @ http://localhost:8080/src/state/appState.js:106
[ 1205148ms] [INFO] [09:01:34 p. m.] [ui] Estilo de chat interno: float. @ http://localhost:8080/src/state/appState.js:106
[ 1205151ms] [INFO] [09:01:34 p. m.] [ui] Chat interno oculto. @ http://localhost:8080/src/state/appState.js:106
[ 1205161ms] [INFO] [09:01:34 p. m.] [ui] Chat lateral en posicion: lateral. @ http://localhost:8080/src/state/appState.js:106
[ 1205168ms] [INFO] [09:01:34 p. m.] [app] Interfaz lista. Video de ejemplo precargado. @ http://localhost:8080/src/state/appState.js:106
[ 1205178ms] [INFO] [09:01:34 p. m.] [connection] Iniciando @ http://localhost:8080/src/state/appState.js:106
[ 1205180ms] [INFO] [09:01:34 p. m.] [room] Entrando a sala 61093. @ http://localhost:8080/src/state/appState.js:106
[ 1206529ms] [INFO] [09:01:36 p. m.] [firebase] Sala huerfana detectada al entrar. Limpiando datos residuales. @ http://localhost:8080/src/state/appState.js:106
[ 1206910ms] [INFO] [09:01:36 p. m.] [connection] Activa @ http://localhost:8080/src/state/appState.js:106
[ 1206912ms] [INFO] [09:01:36 p. m.] [firebase] Sesion anonima conectada. @ http://localhost:8080/src/state/appState.js:106
[ 1206915ms] [INFO] [09:01:36 p. m.] [firebase] Offset de tiempo: 3177 ms. @ http://localhost:8080/src/state/appState.js:106
[ 1206938ms] [INFO] [09:01:36 p. m.] [ui] Chat interno oculto. @ http://localhost:8080/src/state/appState.js:106
[ 1206940ms] [INFO] [09:01:36 p. m.] [room] Sala 61093 activa. @ http://localhost:8080/src/state/appState.js:106
[ 1209134ms] [INFO] [09:01:38 p. m.] [chat:recv] Mensaje recibido de Usuario 1F1C. @ http://localhost:8080/src/state/appState.js:106
[ 1209135ms] [INFO] [09:01:38 p. m.] [chat:send] Mensaje de Usuario 1F1C. @ http://localhost:8080/src/state/appState.js:106
[ 1209312ms] [INFO] [09:01:39 p. m.] [firebase] Mensaje enviado. @ http://localhost:8080/src/state/appState.js:106
[ 1214105ms] [INFO] [09:01:43 p. m.] [chat:recv] Mensaje recibido de Usuario 1F1C. @ http://localhost:8080/src/state/appState.js:106
[ 1214106ms] [INFO] [09:01:43 p. m.] [chat:send] Mensaje de Usuario 1F1C. @ http://localhost:8080/src/state/appState.js:106
[ 1214286ms] [INFO] [09:01:44 p. m.] [firebase] Mensaje enviado. @ http://localhost:8080/src/state/appState.js:106
[ 1215982ms] [INFO] [09:01:45 p. m.] [ui] Estilo de chat interno: float. @ http://localhost:8080/src/state/appState.js:106
[ 1215984ms] [INFO] [09:01:45 p. m.] [ui] Chat interno oculto. @ http://localhost:8080/src/state/appState.js:106
[ 1215995ms] [INFO] [09:01:45 p. m.] [ui] Chat lateral en posicion: lateral. @ http://localhost:8080/src/state/appState.js:106
[ 1216001ms] [INFO] [09:01:45 p. m.] [app] Interfaz lista. Video de ejemplo precargado. @ http://localhost:8080/src/state/appState.js:106
[ 1216012ms] [INFO] [09:01:45 p. m.] [connection] Iniciando @ http://localhost:8080/src/state/appState.js:106
[ 1216014ms] [INFO] [09:01:45 p. m.] [room] Entrando a sala 61093. @ http://localhost:8080/src/state/appState.js:106
[ 1217404ms] [INFO] [09:01:47 p. m.] [ui] Estilo de chat interno: float. @ http://localhost:8080/src/state/appState.js:106
[ 1217407ms] [INFO] [09:01:47 p. m.] [ui] Chat interno oculto. @ http://localhost:8080/src/state/appState.js:106
[ 1217418ms] [INFO] [09:01:47 p. m.] [ui] Chat lateral en posicion: lateral. @ http://localhost:8080/src/state/appState.js:106
[ 1217424ms] [INFO] [09:01:47 p. m.] [app] Interfaz lista. Video de ejemplo precargado. @ http://localhost:8080/src/state/appState.js:106
[ 1217434ms] [INFO] [09:01:47 p. m.] [connection] Iniciando @ http://localhost:8080/src/state/appState.js:106
[ 1217436ms] [INFO] [09:01:47 p. m.] [room] Entrando a sala 61093. @ http://localhost:8080/src/state/appState.js:106
[ 1218483ms] [INFO] [09:01:48 p. m.] [firebase] Sala huerfana detectada al entrar. Limpiando datos residuales. @ http://localhost:8080/src/state/appState.js:106
[ 1218831ms] [INFO] [09:01:48 p. m.] [connection] Activa @ http://localhost:8080/src/state/appState.js:106
[ 1218834ms] [INFO] [09:01:48 p. m.] [firebase] Sesion anonima conectada. @ http://localhost:8080/src/state/appState.js:106
[ 1218837ms] [INFO] [09:01:48 p. m.] [firebase] Offset de tiempo: 3193 ms. @ http://localhost:8080/src/state/appState.js:106
[ 1218863ms] [INFO] [09:01:48 p. m.] [ui] Chat interno oculto. @ http://localhost:8080/src/state/appState.js:106
[ 1218865ms] [INFO] [09:01:48 p. m.] [room] Sala 61093 activa. @ http://localhost:8080/src/state/appState.js:106
[ 1221148ms] [INFO] [09:01:50 p. m.] [chat:recv] Mensaje recibido de Usuario 1F1C. @ http://localhost:8080/src/state/appState.js:106
[ 1221150ms] [INFO] [09:01:50 p. m.] [chat:send] Mensaje de Usuario 1F1C. @ http://localhost:8080/src/state/appState.js:106
[ 1221313ms] [INFO] [09:01:51 p. m.] [firebase] Mensaje enviado. @ http://localhost:8080/src/state/appState.js:106
[ 1224433ms] [INFO] [09:01:54 p. m.] [chat:recv] Mensaje recibido de Usuario 1F1C. @ http://localhost:8080/src/state/appState.js:106
[ 1224434ms] [INFO] [09:01:54 p. m.] [chat:send] Mensaje de Usuario 1F1C. @ http://localhost:8080/src/state/appState.js:106
[ 1224600ms] [INFO] [09:01:54 p. m.] [firebase] Mensaje enviado. @ http://localhost:8080/src/state/appState.js:106
[ 1325556ms] [INFO] [09:03:35 p. m.] [ui] Estilo de chat interno: float. @ http://localhost:8080/src/state/appState.js:106
[ 1325558ms] [INFO] [09:03:35 p. m.] [ui] Chat interno oculto. @ http://localhost:8080/src/state/appState.js:106
[ 1325569ms] [INFO] [09:03:35 p. m.] [ui] Chat lateral en posicion: lateral. @ http://localhost:8080/src/state/appState.js:106
[ 1325577ms] [INFO] [09:03:35 p. m.] [app] Interfaz lista. Video de ejemplo precargado. @ http://localhost:8080/src/state/appState.js:106
[ 1325591ms] [INFO] [09:03:35 p. m.] [connection] Iniciando @ http://localhost:8080/src/state/appState.js:106
[ 1325593ms] [INFO] [09:03:35 p. m.] [room] Entrando a sala 61093. @ http://localhost:8080/src/state/appState.js:106
[ 1326942ms] [INFO] [09:03:36 p. m.] [firebase] Sala huerfana detectada al entrar. Limpiando datos residuales. @ http://localhost:8080/src/state/appState.js:106
[ 1327336ms] [INFO] [09:03:37 p. m.] [connection] Activa @ http://localhost:8080/src/state/appState.js:106
[ 1327342ms] [INFO] [09:03:37 p. m.] [firebase] Sesion anonima conectada. @ http://localhost:8080/src/state/appState.js:106
[ 1327346ms] [INFO] [09:03:37 p. m.] [firebase] Offset de tiempo: 3176 ms. @ http://localhost:8080/src/state/appState.js:106
[ 1327379ms] [INFO] [09:03:37 p. m.] [ui] Chat interno oculto. @ http://localhost:8080/src/state/appState.js:106
[ 1327382ms] [INFO] [09:03:37 p. m.] [room] Sala 61093 activa. @ http://localhost:8080/src/state/appState.js:106
[ 1430432ms] [INFO] [09:05:20 p. m.] [chat:recv] Mensaje recibido de Usuario 1F1C. @ http://localhost:8080/src/state/appState.js:106
[ 1430434ms] [INFO] [09:05:20 p. m.] [chat:send] Mensaje de Usuario 1F1C. @ http://localhost:8080/src/state/appState.js:106
[ 1430618ms] [INFO] [09:05:20 p. m.] [firebase] Mensaje enviado. @ http://localhost:8080/src/state/appState.js:106
[ 1434240ms] [INFO] [09:05:24 p. m.] [chat:recv] Mensaje recibido de Usuario 1F1C. @ http://localhost:8080/src/state/appState.js:106
[ 1434242ms] [INFO] [09:05:24 p. m.] [chat:send] Mensaje de Usuario 1F1C. @ http://localhost:8080/src/state/appState.js:106
[ 1434426ms] [INFO] [09:05:24 p. m.] [firebase] Mensaje enviado. @ http://localhost:8080/src/state/appState.js:106
[ 1477984ms] [INFO] [09:06:07 p. m.] [ui] Estilo de chat interno: float. @ http://localhost:8080/src/state/appState.js:106
[ 1477987ms] [INFO] [09:06:07 p. m.] [ui] Chat interno oculto. @ http://localhost:8080/src/state/appState.js:106
[ 1477998ms] [INFO] [09:06:07 p. m.] [ui] Chat lateral en posicion: lateral. @ http://localhost:8080/src/state/appState.js:106
[ 1478005ms] [INFO] [09:06:07 p. m.] [app] Interfaz lista. Video de ejemplo precargado. @ http://localhost:8080/src/state/appState.js:106
[ 1478016ms] [INFO] [09:06:07 p. m.] [connection] Iniciando @ http://localhost:8080/src/state/appState.js:106
[ 1478017ms] [INFO] [09:06:07 p. m.] [room] Entrando a sala 61093. @ http://localhost:8080/src/state/appState.js:106
[ 1479328ms] [INFO] [09:06:09 p. m.] [firebase] Sala huerfana detectada al entrar. Limpiando datos residuales. @ http://localhost:8080/src/state/appState.js:106
[ 1479723ms] [INFO] [09:06:09 p. m.] [connection] Activa @ http://localhost:8080/src/state/appState.js:106
[ 1479725ms] [INFO] [09:06:09 p. m.] [firebase] Sesion anonima conectada. @ http://localhost:8080/src/state/appState.js:106
[ 1479727ms] [INFO] [09:06:09 p. m.] [firebase] Offset de tiempo: 3171 ms. @ http://localhost:8080/src/state/appState.js:106
[ 1479751ms] [INFO] [09:06:09 p. m.] [ui] Chat interno oculto. @ http://localhost:8080/src/state/appState.js:106
[ 1479753ms] [INFO] [09:06:09 p. m.] [room] Sala 61093 activa. @ http://localhost:8080/src/state/appState.js:106
[ 1482573ms] [INFO] [09:06:12 p. m.] [chat:recv] Mensaje recibido de Usuario 1F1C. @ http://localhost:8080/src/state/appState.js:106
[ 1482575ms] [INFO] [09:06:12 p. m.] [chat:send] Mensaje de Usuario 1F1C. @ http://localhost:8080/src/state/appState.js:106
[ 1482758ms] [INFO] [09:06:12 p. m.] [firebase] Mensaje enviado. @ http://localhost:8080/src/state/appState.js:106
[ 1485176ms] [INFO] [09:06:14 p. m.] [chat:recv] Mensaje recibido de Usuario 1F1C. @ http://localhost:8080/src/state/appState.js:106
[ 1485177ms] [INFO] [09:06:14 p. m.] [chat:send] Mensaje de Usuario 1F1C. @ http://localhost:8080/src/state/appState.js:106
[ 1485366ms] [INFO] [09:06:15 p. m.] [firebase] Mensaje enviado. @ http://localhost:8080/src/state/appState.js:106
[ 1489204ms] [INFO] [09:06:19 p. m.] [chat:recv] Mensaje recibido de Usuario 1F1C. @ http://localhost:8080/src/state/appState.js:106
[ 1489206ms] [INFO] [09:06:19 p. m.] [chat:send] Mensaje de Usuario 1F1C. @ http://localhost:8080/src/state/appState.js:106
[ 1489391ms] [INFO] [09:06:19 p. m.] [firebase] Mensaje enviado. @ http://localhost:8080/src/state/appState.js:106
[ 1497633ms] [INFO] [09:06:27 p. m.] [chat:recv] Mensaje recibido de Usuario 1F1C. @ http://localhost:8080/src/state/appState.js:106
[ 1497635ms] [INFO] [09:06:27 p. m.] [chat:send] Mensaje de Usuario 1F1C. @ http://localhost:8080/src/state/appState.js:106
[ 1497821ms] [INFO] [09:06:27 p. m.] [firebase] Mensaje enviado. @ http://localhost:8080/src/state/appState.js:106
[ 1499499ms] [INFO] [09:06:29 p. m.] [chat:recv] Mensaje recibido de Usuario 1F1C. @ http://localhost:8080/src/state/appState.js:106
[ 1499501ms] [INFO] [09:06:29 p. m.] [chat:send] Mensaje de Usuario 1F1C. @ http://localhost:8080/src/state/appState.js:106
[ 1499686ms] [INFO] [09:06:29 p. m.] [firebase] Mensaje enviado. @ http://localhost:8080/src/state/appState.js:106
[ 1508549ms] [INFO] [09:06:38 p. m.] [ui] Estilo de chat interno: float. @ http://localhost:8080/src/state/appState.js:106
[ 1508551ms] [INFO] [09:06:38 p. m.] [ui] Chat interno oculto. @ http://localhost:8080/src/state/appState.js:106
[ 1508561ms] [INFO] [09:06:38 p. m.] [ui] Chat lateral en posicion: lateral. @ http://localhost:8080/src/state/appState.js:106
[ 1508567ms] [INFO] [09:06:38 p. m.] [app] Interfaz lista. Video de ejemplo precargado. @ http://localhost:8080/src/state/appState.js:106
[ 1508576ms] [INFO] [09:06:38 p. m.] [connection] Iniciando @ http://localhost:8080/src/state/appState.js:106
[ 1508579ms] [INFO] [09:06:38 p. m.] [room] Entrando a sala 61093. @ http://localhost:8080/src/state/appState.js:106
[ 1509660ms] [INFO] [09:06:39 p. m.] [firebase] Sala huerfana detectada al entrar. Limpiando datos residuales. @ http://localhost:8080/src/state/appState.js:106
[ 1510036ms] [INFO] [09:06:39 p. m.] [connection] Activa @ http://localhost:8080/src/state/appState.js:106
[ 1510039ms] [INFO] [09:06:39 p. m.] [firebase] Sesion anonima conectada. @ http://localhost:8080/src/state/appState.js:106
[ 1510041ms] [INFO] [09:06:39 p. m.] [firebase] Offset de tiempo: 3190 ms. @ http://localhost:8080/src/state/appState.js:106
[ 1510065ms] [INFO] [09:06:39 p. m.] [ui] Chat interno oculto. @ http://localhost:8080/src/state/appState.js:106
[ 1510068ms] [INFO] [09:06:39 p. m.] [room] Sala 61093 activa. @ http://localhost:8080/src/state/appState.js:106
[ 1511761ms] [INFO] [09:06:41 p. m.] [chat:recv] Mensaje recibido de Usuario 1F1C. @ http://localhost:8080/src/state/appState.js:106
[ 1511763ms] [INFO] [09:06:41 p. m.] [chat:send] Mensaje de Usuario 1F1C. @ http://localhost:8080/src/state/appState.js:106
[ 1511940ms] [INFO] [09:06:41 p. m.] [firebase] Mensaje enviado. @ http://localhost:8080/src/state/appState.js:106
[ 1514870ms] [INFO] [09:06:44 p. m.] [user] Nombre actualizado: Usuario 1Fa1C @ http://localhost:8080/src/state/appState.js:106
[ 1516489ms] [INFO] [09:06:46 p. m.] [chat:recv] Mensaje recibido de Usuario 1Fa1C. @ http://localhost:8080/src/state/appState.js:106
[ 1516491ms] [INFO] [09:06:46 p. m.] [chat:send] Mensaje de Usuario 1Fa1C. @ http://localhost:8080/src/state/appState.js:106
[ 1516668ms] [INFO] [09:06:46 p. m.] [firebase] Mensaje enviado. @ http://localhost:8080/src/state/appState.js:106
[ 1518879ms] [INFO] [09:06:48 p. m.] [ui] Estilo de chat interno: float. @ http://localhost:8080/src/state/appState.js:106
[ 1518881ms] [INFO] [09:06:48 p. m.] [ui] Chat interno oculto. @ http://localhost:8080/src/state/appState.js:106
[ 1518890ms] [INFO] [09:06:48 p. m.] [ui] Chat lateral en posicion: lateral. @ http://localhost:8080/src/state/appState.js:106
[ 1518896ms] [INFO] [09:06:48 p. m.] [app] Interfaz lista. Video de ejemplo precargado. @ http://localhost:8080/src/state/appState.js:106
[ 1518905ms] [INFO] [09:06:48 p. m.] [connection] Iniciando @ http://localhost:8080/src/state/appState.js:106
[ 1518907ms] [INFO] [09:06:48 p. m.] [room] Entrando a sala 61093. @ http://localhost:8080/src/state/appState.js:106
[ 1520033ms] [INFO] [09:06:49 p. m.] [firebase] Sala huerfana detectada al entrar. Limpiando datos residuales. @ http://localhost:8080/src/state/appState.js:106
[ 1520425ms] [INFO] [09:06:50 p. m.] [connection] Activa @ http://localhost:8080/src/state/appState.js:106
[ 1520427ms] [INFO] [09:06:50 p. m.] [firebase] Sesion anonima conectada. @ http://localhost:8080/src/state/appState.js:106
[ 1520430ms] [INFO] [09:06:50 p. m.] [firebase] Offset de tiempo: 3172 ms. @ http://localhost:8080/src/state/appState.js:106
[ 1520461ms] [INFO] [09:06:50 p. m.] [ui] Chat interno oculto. @ http://localhost:8080/src/state/appState.js:106
[ 1520466ms] [INFO] [09:06:50 p. m.] [room] Sala 61093 activa. @ http://localhost:8080/src/state/appState.js:106
[ 1523440ms] [INFO] [09:06:53 p. m.] [chat:recv] Mensaje recibido de Usuario 1Fa1C. @ http://localhost:8080/src/state/appState.js:106
[ 1523441ms] [INFO] [09:06:53 p. m.] [chat:send] Mensaje de Usuario 1Fa1C. @ http://localhost:8080/src/state/appState.js:106
[ 1523628ms] [INFO] [09:06:53 p. m.] [firebase] Mensaje enviado. @ http://localhost:8080/src/state/appState.js:106
[ 1526242ms] [INFO] [09:06:56 p. m.] [chat:recv] Mensaje recibido de Usuario 1Fa1C. @ http://localhost:8080/src/state/appState.js:106
[ 1526244ms] [INFO] [09:06:56 p. m.] [chat:send] Mensaje de Usuario 1Fa1C. @ http://localhost:8080/src/state/appState.js:106
[ 1526429ms] [INFO] [09:06:56 p. m.] [firebase] Mensaje enviado. @ http://localhost:8080/src/state/appState.js:106
[ 1530137ms] [INFO] [09:06:59 p. m.] [chat:recv] Mensaje recibido de Usuario 1Fa1C. @ http://localhost:8080/src/state/appState.js:106
[ 1530139ms] [INFO] [09:06:59 p. m.] [chat:send] Mensaje de Usuario 1Fa1C. @ http://localhost:8080/src/state/appState.js:106
[ 1530325ms] [INFO] [09:07:00 p. m.] [firebase] Mensaje enviado. @ http://localhost:8080/src/state/appState.js:106
[ 1545481ms] [INFO] [09:07:15 p. m.] [chat:recv] Mensaje recibido de Usuario 1Fa1C. @ http://localhost:8080/src/state/appState.js:106
[ 1545483ms] [INFO] [09:07:15 p. m.] [chat:send] Mensaje de Usuario 1Fa1C. @ http://localhost:8080/src/state/appState.js:106
[ 1545669ms] [INFO] [09:07:15 p. m.] [firebase] Mensaje enviado. @ http://localhost:8080/src/state/appState.js:106
[ 1839311ms] [INFO] [09:12:09 p. m.] [ui] Estilo de chat interno: float. @ http://localhost:8080/src/state/appState.js:106
[ 1839332ms] [INFO] [09:12:09 p. m.] [ui] Chat interno oculto. @ http://localhost:8080/src/state/appState.js:106
[ 1839345ms] [INFO] [09:12:09 p. m.] [ui] Chat lateral en posicion: lateral. @ http://localhost:8080/src/state/appState.js:106
[ 1839353ms] [INFO] [09:12:09 p. m.] [app] Interfaz lista. Video de ejemplo precargado. @ http://localhost:8080/src/state/appState.js:106
[ 1839386ms] [INFO] [09:12:09 p. m.] [connection] Iniciando @ http://localhost:8080/src/state/appState.js:106
[ 1839390ms] [INFO] [09:12:09 p. m.] [room] Entrando a sala 61093. @ http://localhost:8080/src/state/appState.js:106
[ 1841177ms] [INFO] [09:12:10 p. m.] [firebase] Sala huerfana detectada al entrar. Limpiando datos residuales. @ http://localhost:8080/src/state/appState.js:106
[ 1841580ms] [INFO] [09:12:11 p. m.] [connection] Activa @ http://localhost:8080/src/state/appState.js:106
[ 1841583ms] [INFO] [09:12:11 p. m.] [firebase] Sesion anonima conectada. @ http://localhost:8080/src/state/appState.js:106
[ 1841587ms] [INFO] [09:12:11 p. m.] [firebase] Offset de tiempo: 3164 ms. @ http://localhost:8080/src/state/appState.js:106
[ 1841638ms] [INFO] [09:12:11 p. m.] [ui] Chat interno oculto. @ http://localhost:8080/src/state/appState.js:106
[ 1841643ms] [INFO] [09:12:11 p. m.] [room] Sala 61093 activa. @ http://localhost:8080/src/state/appState.js:106
[ 1854199ms] [INFO] [09:12:23 p. m.] [chat:recv] Mensaje recibido de Usuario 1Fa1C. @ http://localhost:8080/src/state/appState.js:106
[ 1854201ms] [INFO] [09:12:24 p. m.] [chat:send] Mensaje de Usuario 1Fa1C. @ http://localhost:8080/src/state/appState.js:106
[ 1854364ms] [INFO] [09:12:24 p. m.] [firebase] Mensaje enviado. @ http://localhost:8080/src/state/appState.js:106
[ 1865596ms] [INFO] [09:12:35 p. m.] [ui] Estilo de chat interno: float. @ http://localhost:8080/src/state/appState.js:106
[ 1865597ms] [INFO] [09:12:35 p. m.] [ui] Chat interno oculto. @ http://localhost:8080/src/state/appState.js:106
[ 1865605ms] [INFO] [09:12:35 p. m.] [ui] Chat lateral en posicion: lateral. @ http://localhost:8080/src/state/appState.js:106
[ 1865611ms] [INFO] [09:12:35 p. m.] [app] Interfaz lista. Video de ejemplo precargado. @ http://localhost:8080/src/state/appState.js:106
[ 1865620ms] [INFO] [09:12:35 p. m.] [connection] Iniciando @ http://localhost:8080/src/state/appState.js:106
[ 1865621ms] [INFO] [09:12:35 p. m.] [room] Entrando a sala 61093. @ http://localhost:8080/src/state/appState.js:106
[ 1866731ms] [INFO] [09:12:36 p. m.] [firebase] Sala huerfana detectada al entrar. Limpiando datos residuales. @ http://localhost:8080/src/state/appState.js:106
[ 1867088ms] [INFO] [09:12:36 p. m.] [connection] Activa @ http://localhost:8080/src/state/appState.js:106
[ 1867090ms] [INFO] [09:12:36 p. m.] [firebase] Sesion anonima conectada. @ http://localhost:8080/src/state/appState.js:106
[ 1867092ms] [INFO] [09:12:36 p. m.] [firebase] Offset de tiempo: 3189 ms. @ http://localhost:8080/src/state/appState.js:106
[ 1867118ms] [INFO] [09:12:36 p. m.] [ui] Chat interno oculto. @ http://localhost:8080/src/state/appState.js:106
[ 1867120ms] [INFO] [09:12:36 p. m.] [room] Sala 61093 activa. @ http://localhost:8080/src/state/appState.js:106
[ 1869709ms] [INFO] [09:12:39 p. m.] [chat:recv] Mensaje recibido de Usuario 1Fa1C. @ http://localhost:8080/src/state/appState.js:106
[ 1869712ms] [INFO] [09:12:39 p. m.] [chat:send] Mensaje de Usuario 1Fa1C. @ http://localhost:8080/src/state/appState.js:106
[ 1869877ms] [INFO] [09:12:39 p. m.] [firebase] Mensaje enviado. @ http://localhost:8080/src/state/appState.js:106
[ 2050088ms] [INFO] [09:15:39 p. m.] [ui] Estilo de chat interno: float. @ http://localhost:8080/src/state/appState.js:106
[ 2050091ms] [INFO] [09:15:39 p. m.] [ui] Chat interno oculto. @ http://localhost:8080/src/state/appState.js:106
[ 2050100ms] [INFO] [09:15:39 p. m.] [ui] Chat lateral en posicion: lateral. @ http://localhost:8080/src/state/appState.js:106
[ 2050106ms] [INFO] [09:15:39 p. m.] [app] Interfaz lista. Video de ejemplo precargado. @ http://localhost:8080/src/state/appState.js:106
[ 2050116ms] [INFO] [09:15:39 p. m.] [connection] Iniciando @ http://localhost:8080/src/state/appState.js:106
[ 2050118ms] [INFO] [09:15:39 p. m.] [room] Entrando a sala 61093. @ http://localhost:8080/src/state/appState.js:106
[ 2051387ms] [INFO] [09:15:41 p. m.] [firebase] Sala huerfana detectada al entrar. Limpiando datos residuales. @ http://localhost:8080/src/state/appState.js:106
[ 2051743ms] [INFO] [09:15:41 p. m.] [connection] Activa @ http://localhost:8080/src/state/appState.js:106
[ 2051745ms] [INFO] [09:15:41 p. m.] [firebase] Sesion anonima conectada. @ http://localhost:8080/src/state/appState.js:106
[ 2051748ms] [INFO] [09:15:41 p. m.] [firebase] Offset de tiempo: 3194 ms. @ http://localhost:8080/src/state/appState.js:106
[ 2051778ms] [INFO] [09:15:41 p. m.] [ui] Chat interno oculto. @ http://localhost:8080/src/state/appState.js:106
[ 2051782ms] [INFO] [09:15:41 p. m.] [room] Sala 61093 activa. @ http://localhost:8080/src/state/appState.js:106
[ 2063770ms] [INFO] [09:15:53 p. m.] [chat:recv] Mensaje recibido de Usuario 1Fa1C. @ http://localhost:8080/src/state/appState.js:106
[ 2063771ms] [INFO] [09:15:53 p. m.] [chat:send] Mensaje de Usuario 1Fa1C. @ http://localhost:8080/src/state/appState.js:106
[ 2063936ms] [INFO] [09:15:53 p. m.] [firebase] Mensaje enviado. @ http://localhost:8080/src/state/appState.js:106
[ 2067145ms] [INFO] [09:15:56 p. m.] [chat:recv] Mensaje recibido de Usuario 1Fa1C. @ http://localhost:8080/src/state/appState.js:106
[ 2067147ms] [INFO] [09:15:56 p. m.] [chat:send] Mensaje de Usuario 1Fa1C. @ http://localhost:8080/src/state/appState.js:106
[ 2067312ms] [INFO] [09:15:57 p. m.] [firebase] Mensaje enviado. @ http://localhost:8080/src/state/appState.js:106
[ 2255638ms] [INFO] [09:19:05 p. m.] [chat:recv] Mensaje recibido de Usuario 1Fa1C. @ http://localhost:8080/src/state/appState.js:106
[ 2255641ms] [INFO] [09:19:05 p. m.] [chat:send] Mensaje de Usuario 1Fa1C. @ http://localhost:8080/src/state/appState.js:106
[ 2255791ms] [INFO] [09:19:05 p. m.] [firebase] Mensaje enviado. @ http://localhost:8080/src/state/appState.js:106
[ 2317451ms] [INFO] [09:20:07 p. m.] [ui] Estilo de chat interno: float. @ http://localhost:8080/src/state/appState.js:106
[ 2317454ms] [INFO] [09:20:07 p. m.] [ui] Chat interno oculto. @ http://localhost:8080/src/state/appState.js:106
[ 2317463ms] [INFO] [09:20:07 p. m.] [ui] Chat lateral en posicion: lateral. @ http://localhost:8080/src/state/appState.js:106
[ 2317471ms] [INFO] [09:20:07 p. m.] [app] Interfaz lista. Video de ejemplo precargado. @ http://localhost:8080/src/state/appState.js:106
[ 2317482ms] [INFO] [09:20:07 p. m.] [connection] Iniciando @ http://localhost:8080/src/state/appState.js:106
[ 2317483ms] [INFO] [09:20:07 p. m.] [room] Entrando a sala 61093. @ http://localhost:8080/src/state/appState.js:106
[ 2318719ms] [INFO] [09:20:08 p. m.] [firebase] Sala huerfana detectada al entrar. Limpiando datos residuales. @ http://localhost:8080/src/state/appState.js:106
[ 2319102ms] [INFO] [09:20:08 p. m.] [connection] Activa @ http://localhost:8080/src/state/appState.js:106
[ 2319104ms] [INFO] [09:20:08 p. m.] [firebase] Sesion anonima conectada. @ http://localhost:8080/src/state/appState.js:106
[ 2319107ms] [INFO] [09:20:08 p. m.] [firebase] Offset de tiempo: 3191 ms. @ http://localhost:8080/src/state/appState.js:106
[ 2319131ms] [INFO] [09:20:08 p. m.] [ui] Chat interno oculto. @ http://localhost:8080/src/state/appState.js:106
[ 2319134ms] [INFO] [09:20:08 p. m.] [room] Sala 61093 activa. @ http://localhost:8080/src/state/appState.js:106
[ 2412198ms] [INFO] [09:21:41 p. m.] [ui] Chat externo contraido. @ http://localhost:8080/src/state/appState.js:106
[ 2414838ms] [INFO] [09:21:44 p. m.] [ui] Chat externo expandido. @ http://localhost:8080/src/state/appState.js:106
[ 2417054ms] [INFO] [09:21:46 p. m.] [ui] Chat externo contraido. @ http://localhost:8080/src/state/appState.js:106
[ 2417961ms] [INFO] [09:21:47 p. m.] [ui] Chat externo expandido. @ http://localhost:8080/src/state/appState.js:106
[ 2418956ms] [INFO] [09:21:48 p. m.] [ui] Chat lateral en posicion: abajo. @ http://localhost:8080/src/state/appState.js:106
[ 2420173ms] [INFO] [09:21:49 p. m.] [ui] Chat interno visible. @ http://localhost:8080/src/state/appState.js:106
[ 2421228ms] [INFO] [09:21:51 p. m.] [ui] Chat interno oculto. @ http://localhost:8080/src/state/appState.js:106
[ 2421756ms] [INFO] [09:21:51 p. m.] [ui] Chat interno visible. @ http://localhost:8080/src/state/appState.js:106
[ 2422420ms] [INFO] [09:21:52 p. m.] [ui] Chat interno oculto. @ http://localhost:8080/src/state/appState.js:106
[ 2422908ms] [INFO] [09:21:52 p. m.] [ui] Chat interno visible. @ http://localhost:8080/src/state/appState.js:106
[ 2423156ms] [INFO] [09:21:52 p. m.] [ui] Chat interno oculto. @ http://localhost:8080/src/state/appState.js:106
[ 2423326ms] [INFO] [09:21:53 p. m.] [ui] Chat interno visible. @ http://localhost:8080/src/state/appState.js:106
[ 2423717ms] [INFO] [09:21:53 p. m.] [ui] Chat interno oculto. @ http://localhost:8080/src/state/appState.js:106
[ 2424717ms] [INFO] [09:21:54 p. m.] [ui] Chat interno visible. @ http://localhost:8080/src/state/appState.js:106
[ 2424980ms] [INFO] [09:21:54 p. m.] [ui] Chat interno oculto. @ http://localhost:8080/src/state/appState.js:106
[ 2425165ms] [INFO] [09:21:54 p. m.] [ui] Chat interno visible. @ http://localhost:8080/src/state/appState.js:106
[ 2425342ms] [INFO] [09:21:55 p. m.] [ui] Chat interno oculto. @ http://localhost:8080/src/state/appState.js:106
[ 2428253ms] [INFO] [09:21:58 p. m.] [ui] Chat interno visible. @ http://localhost:8080/src/state/appState.js:106
[ 2432029ms] [INFO] [09:22:01 p. m.] [ui] Chat lateral en posicion: arriba. @ http://localhost:8080/src/state/appState.js:106
[ 2434745ms] [INFO] [09:22:04 p. m.] [ui] Chat lateral en posicion: lateral. @ http://localhost:8080/src/state/appState.js:106
[ 2436243ms] [INFO] [09:22:06 p. m.] [ui] Chat externo contraido. @ http://localhost:8080/src/state/appState.js:106
[ 2437013ms] [INFO] [09:22:06 p. m.] [ui] Chat interno oculto. @ http://localhost:8080/src/state/appState.js:106
[ 2437437ms] [INFO] [09:22:07 p. m.] [ui] Chat interno visible. @ http://localhost:8080/src/state/appState.js:106
[ 2437853ms] [INFO] [09:22:07 p. m.] [ui] Chat interno oculto. @ http://localhost:8080/src/state/appState.js:106
[ 2439533ms] [INFO] [09:22:09 p. m.] [ui] Chat interno visible. @ http://localhost:8080/src/state/appState.js:106
[ 2439933ms] [INFO] [09:22:09 p. m.] [ui] Chat interno oculto. @ http://localhost:8080/src/state/appState.js:106
[ 2440301ms] [INFO] [09:22:10 p. m.] [ui] Chat interno visible. @ http://localhost:8080/src/state/appState.js:106
[ 2440749ms] [INFO] [09:22:10 p. m.] [ui] Chat interno oculto. @ http://localhost:8080/src/state/appState.js:106
[ 2441165ms] [INFO] [09:22:10 p. m.] [ui] Chat interno visible. @ http://localhost:8080/src/state/appState.js:106
[ 2441845ms] [INFO] [09:22:11 p. m.] [ui] Chat interno oculto. @ http://localhost:8080/src/state/appState.js:106
[ 2442429ms] [INFO] [09:22:12 p. m.] [ui] Chat interno visible. @ http://localhost:8080/src/state/appState.js:106
[ 2444435ms] [INFO] [09:22:14 p. m.] [ui] Estilo de chat interno: float. @ http://localhost:8080/src/state/appState.js:106
[ 2445405ms] [INFO] [09:22:15 p. m.] [ui] Chat interno oculto. @ http://localhost:8080/src/state/appState.js:106
[ 2453336ms] [INFO] [09:22:23 p. m.] [ui] Estilo de chat interno: float. @ http://localhost:8080/src/state/appState.js:106
[ 2453337ms] [INFO] [09:22:23 p. m.] [ui] Chat interno oculto. @ http://localhost:8080/src/state/appState.js:106
[ 2453347ms] [INFO] [09:22:23 p. m.] [ui] Chat lateral en posicion: lateral. @ http://localhost:8080/src/state/appState.js:106
[ 2453352ms] [INFO] [09:22:23 p. m.] [app] Interfaz lista. Video de ejemplo precargado. @ http://localhost:8080/src/state/appState.js:106
[ 2453363ms] [INFO] [09:22:23 p. m.] [connection] Iniciando @ http://localhost:8080/src/state/appState.js:106
[ 2453365ms] [INFO] [09:22:23 p. m.] [room] Entrando a sala 61093. @ http://localhost:8080/src/state/appState.js:106
[ 2454915ms] [INFO] [09:22:24 p. m.] [connection] Activa @ http://localhost:8080/src/state/appState.js:106
[ 2454917ms] [INFO] [09:22:24 p. m.] [firebase] Sesion anonima conectada. @ http://localhost:8080/src/state/appState.js:106
[ 2454920ms] [INFO] [09:22:24 p. m.] [firebase] Offset de tiempo: 3180 ms. @ http://localhost:8080/src/state/appState.js:106
[ 2454945ms] [INFO] [09:22:24 p. m.] [ui] Chat interno oculto. @ http://localhost:8080/src/state/appState.js:106
[ 2454949ms] [INFO] [09:22:24 p. m.] [room] Sala 61093 activa. @ http://localhost:8080/src/state/appState.js:106
[ 2465513ms] [INFO] [09:22:35 p. m.] [ui] Estilo de chat interno: float. @ http://localhost:8080/src/state/appState.js:106
[ 2465516ms] [INFO] [09:22:35 p. m.] [ui] Chat interno oculto. @ http://localhost:8080/src/state/appState.js:106
[ 2465524ms] [INFO] [09:22:35 p. m.] [ui] Chat lateral en posicion: lateral. @ http://localhost:8080/src/state/appState.js:106
[ 2465529ms] [INFO] [09:22:35 p. m.] [app] Interfaz lista. Video de ejemplo precargado. @ http://localhost:8080/src/state/appState.js:106
[ 2465537ms] [INFO] [09:22:35 p. m.] [connection] Iniciando @ http://localhost:8080/src/state/appState.js:106
[ 2465539ms] [INFO] [09:22:35 p. m.] [room] Entrando a sala 61093. @ http://localhost:8080/src/state/appState.js:106
[ 2466821ms] [INFO] [09:22:36 p. m.] [connection] Activa @ http://localhost:8080/src/state/appState.js:106
[ 2466823ms] [INFO] [09:22:36 p. m.] [firebase] Sesion anonima conectada. @ http://localhost:8080/src/state/appState.js:106
[ 2466826ms] [INFO] [09:22:36 p. m.] [firebase] Offset de tiempo: 3159 ms. @ http://localhost:8080/src/state/appState.js:106
[ 2466848ms] [INFO] [09:22:36 p. m.] [ui] Chat interno oculto. @ http://localhost:8080/src/state/appState.js:106
[ 2466851ms] [INFO] [09:22:36 p. m.] [room] Sala 61093 activa. @ http://localhost:8080/src/state/appState.js:106
[ 2612236ms] [INFO] [09:25:02 p. m.] [ui] Estilo de chat interno: float. @ http://localhost:8080/src/state/appState.js:106
[ 2612238ms] [INFO] [09:25:02 p. m.] [ui] Chat interno oculto. @ http://localhost:8080/src/state/appState.js:106
[ 2612248ms] [INFO] [09:25:02 p. m.] [ui] Chat lateral en posicion: lateral. @ http://localhost:8080/src/state/appState.js:106
[ 2612252ms] [INFO] [09:25:02 p. m.] [app] Interfaz lista. Video de ejemplo precargado. @ http://localhost:8080/src/state/appState.js:106
[ 2612261ms] [INFO] [09:25:02 p. m.] [connection] Iniciando @ http://localhost:8080/src/state/appState.js:106
[ 2612265ms] [INFO] [09:25:02 p. m.] [room] Entrando a sala 61093. @ http://localhost:8080/src/state/appState.js:106
[ 2613739ms] [INFO] [09:25:03 p. m.] [connection] Activa @ http://localhost:8080/src/state/appState.js:106
[ 2613743ms] [INFO] [09:25:03 p. m.] [firebase] Sesion anonima conectada. @ http://localhost:8080/src/state/appState.js:106
[ 2613747ms] [INFO] [09:25:03 p. m.] [firebase] Offset de tiempo: 3181 ms. @ http://localhost:8080/src/state/appState.js:106
[ 2613779ms] [INFO] [09:25:03 p. m.] [ui] Chat interno oculto. @ http://localhost:8080/src/state/appState.js:106
[ 2613791ms] [INFO] [09:25:03 p. m.] [room] Sala 61093 activa. @ http://localhost:8080/src/state/appState.js:106
[ 2750446ms] [INFO] [09:27:20 p. m.] [ui] Estilo de chat interno: float. @ http://localhost:8080/src/state/appState.js:106
[ 2750448ms] [INFO] [09:27:20 p. m.] [ui] Chat interno oculto. @ http://localhost:8080/src/state/appState.js:106
[ 2750461ms] [INFO] [09:27:20 p. m.] [ui] Chat lateral en posicion: lateral. @ http://localhost:8080/src/state/appState.js:106
[ 2750471ms] [INFO] [09:27:20 p. m.] [app] Interfaz lista. Video de ejemplo precargado. @ http://localhost:8080/src/state/appState.js:106
[ 2750482ms] [INFO] [09:27:20 p. m.] [connection] Iniciando @ http://localhost:8080/src/state/appState.js:106
[ 2750484ms] [INFO] [09:27:20 p. m.] [room] Entrando a sala 61093. @ http://localhost:8080/src/state/appState.js:106
[ 2752082ms] [INFO] [09:27:21 p. m.] [connection] Activa @ http://localhost:8080/src/state/appState.js:106
[ 2752085ms] [INFO] [09:27:21 p. m.] [firebase] Sesion anonima conectada. @ http://localhost:8080/src/state/appState.js:106
[ 2752089ms] [INFO] [09:27:21 p. m.] [firebase] Offset de tiempo: 3175 ms. @ http://localhost:8080/src/state/appState.js:106
[ 2752112ms] [INFO] [09:27:21 p. m.] [ui] Chat interno oculto. @ http://localhost:8080/src/state/appState.js:106
[ 2752114ms] [INFO] [09:27:21 p. m.] [room] Sala 61093 activa. @ http://localhost:8080/src/state/appState.js:106
[ 3009515ms] [INFO] [09:31:39 p. m.] [ui] Estilo de chat interno: float. @ http://localhost:8080/src/state/appState.js:106
[ 3009517ms] [INFO] [09:31:39 p. m.] [ui] Chat interno oculto. @ http://localhost:8080/src/state/appState.js:106
[ 3009528ms] [INFO] [09:31:39 p. m.] [ui] Chat lateral en posicion: lateral. @ http://localhost:8080/src/state/appState.js:106
[ 3009533ms] [INFO] [09:31:39 p. m.] [app] Interfaz lista. Video de ejemplo precargado. @ http://localhost:8080/src/state/appState.js:106
[ 3009542ms] [INFO] [09:31:39 p. m.] [connection] Iniciando @ http://localhost:8080/src/state/appState.js:106
[ 3009544ms] [INFO] [09:31:39 p. m.] [room] Entrando a sala 61093. @ http://localhost:8080/src/state/appState.js:106
[ 3011161ms] [INFO] [09:31:40 p. m.] [connection] Activa @ http://localhost:8080/src/state/appState.js:106
[ 3011163ms] [INFO] [09:31:40 p. m.] [firebase] Sesion anonima conectada. @ http://localhost:8080/src/state/appState.js:106
[ 3011166ms] [INFO] [09:31:40 p. m.] [firebase] Offset de tiempo: 3172 ms. @ http://localhost:8080/src/state/appState.js:106
[ 3011195ms] [INFO] [09:31:40 p. m.] [ui] Chat interno oculto. @ http://localhost:8080/src/state/appState.js:106
[ 3011198ms] [INFO] [09:31:40 p. m.] [room] Sala 61093 activa. @ http://localhost:8080/src/state/appState.js:106
[ 3084492ms] [INFO] [09:32:54 p. m.] [chat:recv] Mensaje recibido de Usuario 1Fa1C. @ http://localhost:8080/src/state/appState.js:106
[ 3084494ms] [INFO] [09:32:54 p. m.] [chat:send] Mensaje de Usuario 1Fa1C. @ http://localhost:8080/src/state/appState.js:106
[ 3084666ms] [INFO] [09:32:54 p. m.] [firebase] Mensaje enviado. @ http://localhost:8080/src/state/appState.js:106
[ 3298775ms] [INFO] [09:36:28 p. m.] [firebase] Limpiando sala vacia al salir. @ http://localhost:8080/src/state/appState.js:106
