[  -45112ms] [ERROR] Loading the stylesheet 'https://fonts.googleapis.com/css2?family=Noto+Color+Emoji&display=swap' violates the following Content Security Policy directive: "style-src 'self' 'unsafe-inline'". Note that 'style-src-elem' was not explicitly set, so 'style-src' is used as a fallback. The action has been blocked. @ http://localhost:8080/:0
[  -43276ms] [INFO] [03:19:33 p. m.] [ui] Estilo de chat interno: float. @ http://localhost:8080/src/state/appState.js:133
[  -43265ms] [INFO] [03:19:33 p. m.] [ui] Chat interno oculto. @ http://localhost:8080/src/state/appState.js:133
[  -43247ms] [INFO] [03:19:33 p. m.] [ui] Chat lateral en posicion: lateral. @ http://localhost:8080/src/state/appState.js:133
[  -43238ms] [INFO] [03:19:33 p. m.] [connection] Conectado @ http://localhost:8080/src/state/appState.js:133
[  -43236ms] [INFO] [03:19:33 p. m.] [app] Interfaz lista. Video de ejemplo precargado. @ http://localhost:8080/src/state/appState.js:133
[   84563ms] [INFO] [03:21:41 p. m.] [connection] Iniciando @ http://localhost:8080/src/state/appState.js:133
[   84568ms] [INFO] [03:21:41 p. m.] [room] Entrando a sala 3G3X5. @ http://localhost:8080/src/state/appState.js:133
[   87605ms] [INFO] [03:21:44 p. m.] [connection] Conectado @ http://localhost:8080/src/state/appState.js:133
[   87607ms] [INFO] [03:21:44 p. m.] [firebase] Sesion anonima conectada. @ http://localhost:8080/src/state/appState.js:133
[   87614ms] [INFO] [03:21:44 p. m.] [firebase] Offset de tiempo: 2545 ms. @ http://localhost:8080/src/state/appState.js:133
[   87775ms] [INFO] [03:21:44 p. m.] [ui] Chat interno oculto. @ http://localhost:8080/src/state/appState.js:133
[   87783ms] [INFO] [03:21:44 p. m.] [room] Sala 3G3X5 activa. @ http://localhost:8080/src/state/appState.js:133
[  193147ms] [INFO] [03:23:29 p. m.] [chat:recv] Mensaje recibido de Medicion. @ http://localhost:8080/src/state/appState.js:133
[  193151ms] [INFO] [03:23:30 p. m.] [chat:send] Mensaje de Medicion. @ http://localhost:8080/src/state/appState.js:133
[  193203ms] [INFO] [03:23:30 p. m.] [firebase] Mensaje enviado. @ http://localhost:8080/src/state/appState.js:133
[  302745ms] [INFO] [03:25:19 p. m.] [ui] Chat interno visible. @ http://localhost:8080/src/state/appState.js:133
[  404012ms] [INFO] [03:27:00 p. m.] [chat:recv] Mensaje recibido de Usuario YOUT. @ http://localhost:8080/src/state/appState.js:133
[  618519ms] [ERROR] Loading the stylesheet 'https://fonts.googleapis.com/css2?family=Noto+Color+Emoji&display=swap' violates the following Content Security Policy directive: "style-src 'self' 'unsafe-inline'". Note that 'style-src-elem' was not explicitly set, so 'style-src' is used as a fallback. The action has been blocked. @ http://localhost:8080/?room=3G3X5:0
[  619258ms] [INFO] [03:30:36 p. m.] [ui] Estilo de chat interno: float. @ http://localhost:8080/src/state/appState.js:133
[  619263ms] [INFO] [03:30:36 p. m.] [ui] Chat interno oculto. @ http://localhost:8080/src/state/appState.js:133
[  619290ms] [INFO] [03:30:36 p. m.] [ui] Chat lateral en posicion: lateral. @ http://localhost:8080/src/state/appState.js:133
[  619307ms] [INFO] [03:30:36 p. m.] [app] Interfaz lista. Video de ejemplo precargado. @ http://localhost:8080/src/state/appState.js:133
[  619330ms] [INFO] [03:30:36 p. m.] [connection] Iniciando @ http://localhost:8080/src/state/appState.js:133
[  619334ms] [INFO] [03:30:36 p. m.] [room] Entrando a sala 3G3X5. @ http://localhost:8080/src/state/appState.js:133
[  621608ms] [INFO] [03:30:38 p. m.] [connection] Conectado @ http://localhost:8080/src/state/appState.js:133
[  621611ms] [INFO] [03:30:38 p. m.] [firebase] Sesion anonima conectada. @ http://localhost:8080/src/state/appState.js:133
[  621614ms] [INFO] [03:30:38 p. m.] [firebase] Offset de tiempo: 2565 ms. @ http://localhost:8080/src/state/appState.js:133
[  621643ms] [INFO] [03:30:38 p. m.] [ui] Chat interno oculto. @ http://localhost:8080/src/state/appState.js:133
[  621649ms] [INFO] [03:30:38 p. m.] [room] Sala 3G3X5 activa. @ http://localhost:8080/src/state/appState.js:133
[  621911ms] [INFO] [03:30:38 p. m.] [chat:recv] Mensaje recibido de Medicion. @ http://localhost:8080/src/state/appState.js:133
[  621923ms] [INFO] [03:30:38 p. m.] [chat:recv] Mensaje recibido de Usuario YOUT. @ http://localhost:8080/src/state/appState.js:133
[ 1566426ms] [INFO] [03:46:23 p. m.] [ui] Chat interno visible. @ http://localhost:8080/src/state/appState.js:133
[ 1625563ms] [ERROR] Loading the stylesheet 'https://fonts.googleapis.com/css2?family=Noto+Color+Emoji&display=swap' violates the following Content Security Policy directive: "style-src 'self' 'unsafe-inline'". Note that 'style-src-elem' was not explicitly set, so 'style-src' is used as a fallback. The action has been blocked. @ http://localhost:8080/?room=3G3X5:267
[ 1626480ms] [INFO] [03:47:23 p. m.] [ui] Estilo de chat interno: float. @ http://localhost:8080/src/state/appState.js:133
[ 1626487ms] [INFO] [03:47:23 p. m.] [ui] Chat interno oculto. @ http://localhost:8080/src/state/appState.js:133
[ 1626509ms] [INFO] [03:47:23 p. m.] [ui] Chat lateral en posicion: lateral. @ http://localhost:8080/src/state/appState.js:133
[ 1626519ms] [INFO] [03:47:23 p. m.] [app] Interfaz lista. Video de ejemplo precargado. @ http://localhost:8080/src/state/appState.js:133
[ 1626543ms] [INFO] [03:47:23 p. m.] [connection] Iniciando @ http://localhost:8080/src/state/appState.js:133
[ 1626546ms] [INFO] [03:47:23 p. m.] [room] Entrando a sala 3G3X5. @ http://localhost:8080/src/state/appState.js:133
[ 1628591ms] [INFO] [03:47:25 p. m.] [connection] Conectado @ http://localhost:8080/src/state/appState.js:133
[ 1628595ms] [INFO] [03:47:25 p. m.] [firebase] Sesion anonima conectada. @ http://localhost:8080/src/state/appState.js:133
[ 1628601ms] [INFO] [03:47:25 p. m.] [firebase] Offset de tiempo: 2551 ms. @ http://localhost:8080/src/state/appState.js:133
[ 1628667ms] [INFO] [03:47:25 p. m.] [ui] Chat interno oculto. @ http://localhost:8080/src/state/appState.js:133
[ 1628694ms] [INFO] [03:47:25 p. m.] [room] Sala 3G3X5 activa. @ http://localhost:8080/src/state/appState.js:133
[ 1657704ms] [INFO] [03:47:54 p. m.] [chat:recv] Mensaje recibido de Medicion. @ http://localhost:8080/src/state/appState.js:133
[ 1657707ms] [INFO] [03:47:54 p. m.] [chat:send] Mensaje de Medicion. @ http://localhost:8080/src/state/appState.js:133
[ 1657845ms] [INFO] [03:47:54 p. m.] [firebase] Mensaje enviado. @ http://localhost:8080/src/state/appState.js:133
[ 1704608ms] [INFO] [03:48:41 p. m.] [chat:recv] Mensaje recibido de Usuario UT-2. @ http://localhost:8080/src/state/appState.js:133
[ 1738013ms] [INFO] [03:49:14 p. m.] [ui] Chat interno visible. @ http://localhost:8080/src/state/appState.js:133
