[    1286ms] [INFO] [11:58:51 p. m.] [ui] Estilo de chat interno: float. @ http://localhost:8080/src/state/appState.js:124
[    1309ms] [INFO] [11:58:51 p. m.] [ui] Chat interno oculto. @ http://localhost:8080/src/state/appState.js:124
[    1326ms] [INFO] [11:58:51 p. m.] [ui] Chat lateral en posicion: lateral. @ http://localhost:8080/src/state/appState.js:124
[    1336ms] [INFO] [11:58:51 p. m.] [connection] Activa @ http://localhost:8080/src/state/appState.js:124
[    1338ms] [INFO] [11:58:51 p. m.] [app] Interfaz lista. Video de ejemplo precargado. @ http://localhost:8080/src/state/appState.js:124
[    1853ms] [ERROR] Failed to load resource: the server responded with a status of 404 (Not Found) @ http://localhost:8080/favicon.ico:0
[   60974ms] [INFO] [11:59:50 p. m.] [connection] Iniciando @ http://localhost:8080/src/state/appState.js:124
[   60987ms] [INFO] [11:59:51 p. m.] [room] Entrando a sala 0X4O3. @ http://localhost:8080/src/state/appState.js:124
[   64001ms] [INFO] [11:59:54 p. m.] [connection] Activa @ http://localhost:8080/src/state/appState.js:124
[   64004ms] [INFO] [11:59:54 p. m.] [firebase] Sesion anonima conectada. @ http://localhost:8080/src/state/appState.js:124
[   64008ms] [INFO] [11:59:54 p. m.] [firebase] Offset de tiempo: 2278 ms. @ http://localhost:8080/src/state/appState.js:124
[   64129ms] [INFO] [11:59:54 p. m.] [ui] Chat interno oculto. @ http://localhost:8080/src/state/appState.js:124
[   64141ms] [INFO] [11:59:54 p. m.] [room] Sala 0X4O3 activa. @ http://localhost:8080/src/state/appState.js:124
[  106399ms] [INFO] [12:00:36 a. m.] [ui] Chat lateral en posicion: abajo. @ http://localhost:8080/src/state/appState.js:124
[  131379ms] [INFO] [12:01:01 a. m.] [ui] Chat externo contraido. @ http://localhost:8080/src/state/appState.js:124
[  134193ms] [INFO] [12:01:04 a. m.] [ui] Chat externo expandido. @ http://localhost:8080/src/state/appState.js:124
[  180737ms] [INFO] [12:01:50 a. m.] [ui] Chat lateral en posicion: arriba. @ http://localhost:8080/src/state/appState.js:124
[  264534ms] [INFO] [12:03:14 a. m.] [ui] Chat lateral en posicion: lateral. @ http://localhost:8080/src/state/appState.js:124
[  334895ms] [INFO] [12:04:24 a. m.] [ui] Chat lateral en posicion: abajo. @ http://localhost:8080/src/state/appState.js:124
[  697284ms] [INFO] [12:10:27 a. m.] [ui] Estilo de chat interno: float. @ http://localhost:8080/src/state/appState.js:124
[  697312ms] [INFO] [12:10:27 a. m.] [ui] Chat interno oculto. @ http://localhost:8080/src/state/appState.js:124
[  697331ms] [INFO] [12:10:27 a. m.] [ui] Chat lateral en posicion: abajo. @ http://localhost:8080/src/state/appState.js:124
[  697346ms] [INFO] [12:10:27 a. m.] [app] Interfaz lista. Video de ejemplo precargado. @ http://localhost:8080/src/state/appState.js:124
[  697393ms] [INFO] [12:10:27 a. m.] [connection] Iniciando @ http://localhost:8080/src/state/appState.js:124
[  697396ms] [INFO] [12:10:27 a. m.] [room] Entrando a sala 0X4O3. @ http://localhost:8080/src/state/appState.js:124
[  699675ms] [INFO] [12:10:29 a. m.] [connection] Activa @ http://localhost:8080/src/state/appState.js:124
[  699677ms] [INFO] [12:10:29 a. m.] [firebase] Sesion anonima conectada. @ http://localhost:8080/src/state/appState.js:124
[  699681ms] [INFO] [12:10:29 a. m.] [firebase] Offset de tiempo: 2274 ms. @ http://localhost:8080/src/state/appState.js:124
[  699758ms] [INFO] [12:10:29 a. m.] [ui] Chat interno oculto. @ http://localhost:8080/src/state/appState.js:124
[  699771ms] [INFO] [12:10:29 a. m.] [room] Sala 0X4O3 activa. @ http://localhost:8080/src/state/appState.js:124
[  848674ms] [INFO] [12:12:58 a. m.] [ui] Chat lateral en posicion: arriba. @ http://localhost:8080/src/state/appState.js:124
[  854418ms] [INFO] [12:13:04 a. m.] [ui] Chat lateral en posicion: lateral. @ http://localhost:8080/src/state/appState.js:124
[  860145ms] [INFO] [12:13:10 a. m.] [ui] Chat externo contraido. @ http://localhost:8080/src/state/appState.js:124
[  861373ms] [INFO] [12:13:11 a. m.] [ui] Chat externo expandido. @ http://localhost:8080/src/state/appState.js:124
[  862500ms] [INFO] [12:13:12 a. m.] [ui] Chat externo contraido. @ http://localhost:8080/src/state/appState.js:124
[  863820ms] [INFO] [12:13:13 a. m.] [ui] Chat externo expandido. @ http://localhost:8080/src/state/appState.js:124
[  864998ms] [INFO] [12:13:15 a. m.] [ui] Chat externo contraido. @ http://localhost:8080/src/state/appState.js:124
[  867095ms] [INFO] [12:13:17 a. m.] [ui] Chat externo expandido. @ http://localhost:8080/src/state/appState.js:124
[  868358ms] [INFO] [12:13:18 a. m.] [ui] Chat externo contraido. @ http://localhost:8080/src/state/appState.js:124
[  870876ms] [INFO] [12:13:20 a. m.] [ui] Chat externo expandido. @ http://localhost:8080/src/state/appState.js:124
[  872046ms] [INFO] [12:13:22 a. m.] [ui] Chat externo contraido. @ http://localhost:8080/src/state/appState.js:124
[  873537ms] [INFO] [12:13:23 a. m.] [ui] Chat externo expandido. @ http://localhost:8080/src/state/appState.js:124
[  874711ms] [INFO] [12:13:24 a. m.] [ui] Chat externo contraido. @ http://localhost:8080/src/state/appState.js:124
[  876076ms] [INFO] [12:13:26 a. m.] [ui] Chat externo expandido. @ http://localhost:8080/src/state/appState.js:124
[  877398ms] [INFO] [12:13:27 a. m.] [ui] Chat externo contraido. @ http://localhost:8080/src/state/appState.js:124
[  878901ms] [INFO] [12:13:28 a. m.] [ui] Chat externo expandido. @ http://localhost:8080/src/state/appState.js:124
[  880198ms] [INFO] [12:13:30 a. m.] [ui] Chat externo contraido. @ http://localhost:8080/src/state/appState.js:124
[  881276ms] [INFO] [12:13:31 a. m.] [ui] Chat externo expandido. @ http://localhost:8080/src/state/appState.js:124
[  882454ms] [INFO] [12:13:32 a. m.] [ui] Chat externo contraido. @ http://localhost:8080/src/state/appState.js:124
[  883834ms] [INFO] [12:13:33 a. m.] [ui] Chat externo expandido. @ http://localhost:8080/src/state/appState.js:124
[  885039ms] [INFO] [12:13:35 a. m.] [ui] Chat externo contraido. @ http://localhost:8080/src/state/appState.js:124
[  886403ms] [INFO] [12:13:36 a. m.] [ui] Chat externo expandido. @ http://localhost:8080/src/state/appState.js:124
[  887710ms] [INFO] [12:13:37 a. m.] [ui] Chat externo contraido. @ http://localhost:8080/src/state/appState.js:124
[  889213ms] [INFO] [12:13:39 a. m.] [ui] Chat externo expandido. @ http://localhost:8080/src/state/appState.js:124
[  890865ms] [INFO] [12:13:40 a. m.] [ui] Chat externo contraido. @ http://localhost:8080/src/state/appState.js:124
[  892217ms] [INFO] [12:13:42 a. m.] [ui] Chat externo expandido. @ http://localhost:8080/src/state/appState.js:124
[  893340ms] [INFO] [12:13:43 a. m.] [ui] Chat externo contraido. @ http://localhost:8080/src/state/appState.js:124
