[ -910824ms] [ERROR] Loading the stylesheet 'https://fonts.googleapis.com/css2?family=Noto+Color+Emoji&display=swap' violates the following Content Security Policy directive: "style-src 'self' 'unsafe-inline'". Note that 'style-src-elem' was not explicitly set, so 'style-src' is used as a fallback. The action has been blocked. @ http://localhost:8080/?room=3G3X5:0
[ -910085ms] [INFO] [03:30:36 p. m.] [ui] Estilo de chat interno: float. @ http://localhost:8080/src/state/appState.js:133
[ -910080ms] [INFO] [03:30:36 p. m.] [ui] Chat interno oculto. @ http://localhost:8080/src/state/appState.js:133
[ -910053ms] [INFO] [03:30:36 p. m.] [ui] Chat lateral en posicion: lateral. @ http://localhost:8080/src/state/appState.js:133
[ -910036ms] [INFO] [03:30:36 p. m.] [app] Interfaz lista. Video de ejemplo precargado. @ http://localhost:8080/src/state/appState.js:133
[ -910013ms] [INFO] [03:30:36 p. m.] [connection] Iniciando @ http://localhost:8080/src/state/appState.js:133
[ -910009ms] [INFO] [03:30:36 p. m.] [room] Entrando a sala 3G3X5. @ http://localhost:8080/src/state/appState.js:133
[ -907735ms] [INFO] [03:30:38 p. m.] [connection] Conectado @ http://localhost:8080/src/state/appState.js:133
[ -907732ms] [INFO] [03:30:38 p. m.] [firebase] Sesion anonima conectada. @ http://localhost:8080/src/state/appState.js:133
[ -907729ms] [INFO] [03:30:38 p. m.] [firebase] Offset de tiempo: 2565 ms. @ http://localhost:8080/src/state/appState.js:133
[ -907700ms] [INFO] [03:30:38 p. m.] [ui] Chat interno oculto. @ http://localhost:8080/src/state/appState.js:133
[ -907694ms] [INFO] [03:30:38 p. m.] [room] Sala 3G3X5 activa. @ http://localhost:8080/src/state/appState.js:133
[ -907432ms] [INFO] [03:30:38 p. m.] [chat:recv] Mensaje recibido de Medicion. @ http://localhost:8080/src/state/appState.js:133
[ -907420ms] [INFO] [03:30:38 p. m.] [chat:recv] Mensaje recibido de Usuario YOUT. @ http://localhost:8080/src/state/appState.js:133
[   37083ms] [INFO] [03:46:23 p. m.] [ui] Chat interno visible. @ http://localhost:8080/src/state/appState.js:133
[   96220ms] [ERROR] Loading the stylesheet 'https://fonts.googleapis.com/css2?family=Noto+Color+Emoji&display=swap' violates the following Content Security Policy directive: "style-src 'self' 'unsafe-inline'". Note that 'style-src-elem' was not explicitly set, so 'style-src' is used as a fallback. The action has been blocked. @ http://localhost:8080/?room=3G3X5:267
[   97137ms] [INFO] [03:47:23 p. m.] [ui] Estilo de chat interno: float. @ http://localhost:8080/src/state/appState.js:133
[   97144ms] [INFO] [03:47:23 p. m.] [ui] Chat interno oculto. @ http://localhost:8080/src/state/appState.js:133
[   97166ms] [INFO] [03:47:23 p. m.] [ui] Chat lateral en posicion: lateral. @ http://localhost:8080/src/state/appState.js:133
[   97176ms] [INFO] [03:47:23 p. m.] [app] Interfaz lista. Video de ejemplo precargado. @ http://localhost:8080/src/state/appState.js:133
[   97200ms] [INFO] [03:47:23 p. m.] [connection] Iniciando @ http://localhost:8080/src/state/appState.js:133
[   97203ms] [INFO] [03:47:23 p. m.] [room] Entrando a sala 3G3X5. @ http://localhost:8080/src/state/appState.js:133
[   99248ms] [INFO] [03:47:25 p. m.] [connection] Conectado @ http://localhost:8080/src/state/appState.js:133
[   99252ms] [INFO] [03:47:25 p. m.] [firebase] Sesion anonima conectada. @ http://localhost:8080/src/state/appState.js:133
[   99258ms] [INFO] [03:47:25 p. m.] [firebase] Offset de tiempo: 2551 ms. @ http://localhost:8080/src/state/appState.js:133
[   99324ms] [INFO] [03:47:25 p. m.] [ui] Chat interno oculto. @ http://localhost:8080/src/state/appState.js:133
[   99351ms] [INFO] [03:47:25 p. m.] [room] Sala 3G3X5 activa. @ http://localhost:8080/src/state/appState.js:133
[  128361ms] [INFO] [03:47:54 p. m.] [chat:recv] Mensaje recibido de Medicion. @ http://localhost:8080/src/state/appState.js:133
[  128364ms] [INFO] [03:47:54 p. m.] [chat:send] Mensaje de Medicion. @ http://localhost:8080/src/state/appState.js:133
[  128502ms] [INFO] [03:47:54 p. m.] [firebase] Mensaje enviado. @ http://localhost:8080/src/state/appState.js:133
[  175265ms] [INFO] [03:48:41 p. m.] [chat:recv] Mensaje recibido de Usuario UT-2. @ http://localhost:8080/src/state/appState.js:133
[  208670ms] [INFO] [03:49:14 p. m.] [ui] Chat interno visible. @ http://localhost:8080/src/state/appState.js:133
