[    2164ms] [INFO] [12:25:23 a. m.] [ui] Estilo de chat interno: float. @ http://localhost:8080/src/state/appState.js:124
[    2178ms] [INFO] [12:25:23 a. m.] [ui] Chat interno oculto. @ http://localhost:8080/src/state/appState.js:124
[    2193ms] [INFO] [12:25:23 a. m.] [ui] Chat lateral en posicion: lateral. @ http://localhost:8080/src/state/appState.js:124
[    2205ms] [INFO] [12:25:23 a. m.] [app] Interfaz lista. Video de ejemplo precargado. @ http://localhost:8080/src/state/appState.js:124
[    2226ms] [INFO] [12:25:23 a. m.] [connection] Iniciando @ http://localhost:8080/src/state/appState.js:124
[    2228ms] [INFO] [12:25:23 a. m.] [room] Entrando a sala 0X4O3. @ http://localhost:8080/src/state/appState.js:124
[    2702ms] [ERROR] Failed to load resource: the server responded with a status of 404 (Not Found) @ http://localhost:8080/favicon.ico:0
[    5676ms] [INFO] [12:25:26 a. m.] [connection] Activa @ http://localhost:8080/src/state/appState.js:124
[    5679ms] [INFO] [12:25:26 a. m.] [firebase] Sesion anonima conectada. @ http://localhost:8080/src/state/appState.js:124
[    5682ms] [INFO] [12:25:26 a. m.] [firebase] Offset de tiempo: 2289 ms. @ http://localhost:8080/src/state/appState.js:124
[    5812ms] [INFO] [12:25:26 a. m.] [ui] Chat interno oculto. @ http://localhost:8080/src/state/appState.js:124
[    5817ms] [INFO] [12:25:26 a. m.] [room] Sala 0X4O3 activa. @ http://localhost:8080/src/state/appState.js:124
[    8496ms] [INFO] [12:25:29 a. m.] [ui] Chat lateral en posicion: abajo. @ http://localhost:8080/src/state/appState.js:124
[   94489ms] [INFO] [12:26:55 a. m.] [ui] Estilo de chat interno: float. @ http://localhost:8080/src/state/appState.js:124
[   94491ms] [INFO] [12:26:55 a. m.] [ui] Chat interno oculto. @ http://localhost:8080/src/state/appState.js:124
[   94506ms] [INFO] [12:26:55 a. m.] [ui] Chat lateral en posicion: abajo. @ http://localhost:8080/src/state/appState.js:124
[   94512ms] [INFO] [12:26:55 a. m.] [app] Interfaz lista. Video de ejemplo precargado. @ http://localhost:8080/src/state/appState.js:124
[   96171ms] [INFO] [12:26:57 a. m.] [connection] Iniciando @ http://localhost:8080/src/state/appState.js:124
[   96174ms] [INFO] [12:26:57 a. m.] [room] Entrando a sala 0X4O3. @ http://localhost:8080/src/state/appState.js:124
[  100889ms] [INFO] [12:27:02 a. m.] [connection] Activa @ http://localhost:8080/src/state/appState.js:124
[  101343ms] [INFO] [12:27:02 a. m.] [firebase] Sesion anonima conectada. @ http://localhost:8080/src/state/appState.js:124
[  101362ms] [INFO] [12:27:02 a. m.] [firebase] Offset de tiempo: 2292 ms. @ http://localhost:8080/src/state/appState.js:124
[  102161ms] [INFO] [12:27:03 a. m.] [ui] Chat interno oculto. @ http://localhost:8080/src/state/appState.js:124
[  103863ms] [INFO] [12:27:05 a. m.] [room] Sala 0X4O3 activa. @ http://localhost:8080/src/state/appState.js:124
[  280372ms] [ERROR] Connecting to 'https://unpkg.com/lucide@0.468.0/dist/umd/lucide.min.js.map' violates the following Content Security Policy directive: "connect-src 'self' http://localhost:* http://127.0.0.1:* https://*.googleapis.com https://*.firebaseio.com wss://*.firebaseio.com https://*.firebasedatabase.app wss://*.firebasedatabase.app https://identitytoolkit.googleapis.com https://securetoken.googleapis.com". The request has been blocked.
 @ :0
[  280379ms] [ERROR] Connecting to 'https://www.gstatic.com/firebasejs/10.12.5/firebase-app.js.map' violates the following Content Security Policy directive: "connect-src 'self' http://localhost:* http://127.0.0.1:* https://*.googleapis.com https://*.firebaseio.com wss://*.firebaseio.com https://*.firebasedatabase.app wss://*.firebasedatabase.app https://identitytoolkit.googleapis.com https://securetoken.googleapis.com". The request has been blocked.
 @ :0
[  280380ms] [ERROR] Connecting to 'https://www.gstatic.com/firebasejs/10.12.5/firebase-auth.js.map' violates the following Content Security Policy directive: "connect-src 'self' http://localhost:* http://127.0.0.1:* https://*.googleapis.com https://*.firebaseio.com wss://*.firebaseio.com https://*.firebasedatabase.app wss://*.firebasedatabase.app https://identitytoolkit.googleapis.com https://securetoken.googleapis.com". The request has been blocked.
 @ :0
[  280447ms] [ERROR] Connecting to 'https://www.gstatic.com/firebasejs/10.12.5/firebase-database.js.map' violates the following Content Security Policy directive: "connect-src 'self' http://localhost:* http://127.0.0.1:* https://*.googleapis.com https://*.firebaseio.com wss://*.firebaseio.com https://*.firebasedatabase.app wss://*.firebasedatabase.app https://identitytoolkit.googleapis.com https://securetoken.googleapis.com". The request has been blocked.
 @ :0
[  284922ms] [INFO] [12:30:06 a. m.] [ui] Chat externo contraido. @ http://localhost:8080/src/state/appState.js:124
[  287400ms] [INFO] [12:30:08 a. m.] [ui] Chat externo expandido. @ http://localhost:8080/src/state/appState.js:124
[  398928ms] [INFO] [12:32:00 a. m.] [ui] Estilo de chat interno: float. @ http://localhost:8080/src/state/appState.js:124
[  398931ms] [INFO] [12:32:00 a. m.] [ui] Chat interno oculto. @ http://localhost:8080/src/state/appState.js:124
[  398945ms] [INFO] [12:32:00 a. m.] [ui] Chat lateral en posicion: abajo. @ http://localhost:8080/src/state/appState.js:124
[  398953ms] [INFO] [12:32:00 a. m.] [app] Interfaz lista. Video de ejemplo precargado. @ http://localhost:8080/src/state/appState.js:124
[  398966ms] [INFO] [12:32:00 a. m.] [connection] Iniciando @ http://localhost:8080/src/state/appState.js:124
[  398968ms] [INFO] [12:32:00 a. m.] [room] Entrando a sala 0X4O3. @ http://localhost:8080/src/state/appState.js:124
[  400860ms] [INFO] [12:32:02 a. m.] [connection] Activa @ http://localhost:8080/src/state/appState.js:124
[  400863ms] [INFO] [12:32:02 a. m.] [firebase] Sesion anonima conectada. @ http://localhost:8080/src/state/appState.js:124
[  400867ms] [INFO] [12:32:02 a. m.] [firebase] Offset de tiempo: 2279 ms. @ http://localhost:8080/src/state/appState.js:124
[  400895ms] [INFO] [12:32:02 a. m.] [ui] Chat interno oculto. @ http://localhost:8080/src/state/appState.js:124
[  400900ms] [INFO] [12:32:02 a. m.] [room] Sala 0X4O3 activa. @ http://localhost:8080/src/state/appState.js:124
[  444853ms] [INFO] [12:32:46 a. m.] [ui] Estilo de chat interno: float. @ http://localhost:8080/src/state/appState.js:124
[  444855ms] [INFO] [12:32:46 a. m.] [ui] Chat interno oculto. @ http://localhost:8080/src/state/appState.js:124
[  444866ms] [INFO] [12:32:46 a. m.] [ui] Chat lateral en posicion: abajo. @ http://localhost:8080/src/state/appState.js:124
[  444873ms] [INFO] [12:32:46 a. m.] [app] Interfaz lista. Video de ejemplo precargado. @ http://localhost:8080/src/state/appState.js:124
[  444884ms] [INFO] [12:32:46 a. m.] [connection] Iniciando @ http://localhost:8080/src/state/appState.js:124
[  444886ms] [INFO] [12:32:46 a. m.] [room] Entrando a sala 0X4O3. @ http://localhost:8080/src/state/appState.js:124
[  446523ms] [INFO] [12:32:47 a. m.] [connection] Activa @ http://localhost:8080/src/state/appState.js:124
[  446525ms] [INFO] [12:32:47 a. m.] [firebase] Sesion anonima conectada. @ http://localhost:8080/src/state/appState.js:124
[  446528ms] [INFO] [12:32:47 a. m.] [firebase] Offset de tiempo: 2261 ms. @ http://localhost:8080/src/state/appState.js:124
[  446555ms] [INFO] [12:32:47 a. m.] [ui] Chat interno oculto. @ http://localhost:8080/src/state/appState.js:124
[  446559ms] [INFO] [12:32:47 a. m.] [room] Sala 0X4O3 activa. @ http://localhost:8080/src/state/appState.js:124
[  454249ms] [INFO] [12:32:55 a. m.] [ui] Estilo de chat interno: float. @ http://localhost:8080/src/state/appState.js:124
[  454252ms] [INFO] [12:32:55 a. m.] [ui] Chat interno oculto. @ http://localhost:8080/src/state/appState.js:124
[  454265ms] [INFO] [12:32:55 a. m.] [ui] Chat lateral en posicion: abajo. @ http://localhost:8080/src/state/appState.js:124
[  454273ms] [INFO] [12:32:55 a. m.] [app] Interfaz lista. Video de ejemplo precargado. @ http://localhost:8080/src/state/appState.js:124
[  454287ms] [INFO] [12:32:55 a. m.] [connection] Iniciando @ http://localhost:8080/src/state/appState.js:124
[  454289ms] [INFO] [12:32:55 a. m.] [room] Entrando a sala 0X4O3. @ http://localhost:8080/src/state/appState.js:124
[  455718ms] [INFO] [12:32:56 a. m.] [connection] Activa @ http://localhost:8080/src/state/appState.js:124
[  455721ms] [INFO] [12:32:56 a. m.] [firebase] Sesion anonima conectada. @ http://localhost:8080/src/state/appState.js:124
[  455724ms] [INFO] [12:32:56 a. m.] [firebase] Offset de tiempo: 2288 ms. @ http://localhost:8080/src/state/appState.js:124
[  455749ms] [INFO] [12:32:56 a. m.] [ui] Chat interno oculto. @ http://localhost:8080/src/state/appState.js:124
[  455753ms] [INFO] [12:32:56 a. m.] [room] Sala 0X4O3 activa. @ http://localhost:8080/src/state/appState.js:124
[  557967ms] [INFO] [12:34:39 a. m.] [ui] Estilo de chat interno: float. @ http://localhost:8080/src/state/appState.js:124
[  557970ms] [INFO] [12:34:39 a. m.] [ui] Chat interno oculto. @ http://localhost:8080/src/state/appState.js:124
[  557980ms] [INFO] [12:34:39 a. m.] [ui] Chat lateral en posicion: abajo. @ http://localhost:8080/src/state/appState.js:124
[  557987ms] [INFO] [12:34:39 a. m.] [app] Interfaz lista. Video de ejemplo precargado. @ http://localhost:8080/src/state/appState.js:124
[  557998ms] [INFO] [12:34:39 a. m.] [connection] Iniciando @ http://localhost:8080/src/state/appState.js:124
[  558000ms] [INFO] [12:34:39 a. m.] [room] Entrando a sala 0X4O3. @ http://localhost:8080/src/state/appState.js:124
[  559776ms] [INFO] [12:34:40 a. m.] [connection] Activa @ http://localhost:8080/src/state/appState.js:124
[  559779ms] [INFO] [12:34:40 a. m.] [firebase] Sesion anonima conectada. @ http://localhost:8080/src/state/appState.js:124
[  559782ms] [INFO] [12:34:40 a. m.] [firebase] Offset de tiempo: 2257 ms. @ http://localhost:8080/src/state/appState.js:124
[  559810ms] [INFO] [12:34:40 a. m.] [ui] Chat interno oculto. @ http://localhost:8080/src/state/appState.js:124
[  559819ms] [INFO] [12:34:40 a. m.] [room] Sala 0X4O3 activa. @ http://localhost:8080/src/state/appState.js:124
[  593771ms] [INFO] [12:35:14 a. m.] [ui] Estilo de chat interno: float. @ http://localhost:8080/src/state/appState.js:124
[  593775ms] [INFO] [12:35:14 a. m.] [ui] Chat interno oculto. @ http://localhost:8080/src/state/appState.js:124
[  593786ms] [INFO] [12:35:14 a. m.] [ui] Chat lateral en posicion: abajo. @ http://localhost:8080/src/state/appState.js:124
[  593792ms] [INFO] [12:35:14 a. m.] [app] Interfaz lista. Video de ejemplo precargado. @ http://localhost:8080/src/state/appState.js:124
[  593804ms] [INFO] [12:35:14 a. m.] [connection] Iniciando @ http://localhost:8080/src/state/appState.js:124
[  593805ms] [INFO] [12:35:14 a. m.] [room] Entrando a sala 0X4O3. @ http://localhost:8080/src/state/appState.js:124
[  595338ms] [INFO] [12:35:16 a. m.] [connection] Activa @ http://localhost:8080/src/state/appState.js:124
[  595341ms] [INFO] [12:35:16 a. m.] [firebase] Sesion anonima conectada. @ http://localhost:8080/src/state/appState.js:124
[  595349ms] [INFO] [12:35:16 a. m.] [firebase] Offset de tiempo: 2292 ms. @ http://localhost:8080/src/state/appState.js:124
[  595381ms] [INFO] [12:35:16 a. m.] [ui] Chat interno oculto. @ http://localhost:8080/src/state/appState.js:124
[  595384ms] [INFO] [12:35:16 a. m.] [room] Sala 0X4O3 activa. @ http://localhost:8080/src/state/appState.js:124
[  643399ms] [INFO] [12:36:04 a. m.] [ui] Estilo de chat interno: float. @ http://localhost:8080/src/state/appState.js:124
[  643402ms] [INFO] [12:36:04 a. m.] [ui] Chat interno oculto. @ http://localhost:8080/src/state/appState.js:124
[  643418ms] [INFO] [12:36:04 a. m.] [ui] Chat lateral en posicion: abajo. @ http://localhost:8080/src/state/appState.js:124
[  643426ms] [INFO] [12:36:04 a. m.] [app] Interfaz lista. Video de ejemplo precargado. @ http://localhost:8080/src/state/appState.js:124
[  643441ms] [INFO] [12:36:04 a. m.] [connection] Iniciando @ http://localhost:8080/src/state/appState.js:124
[  643443ms] [INFO] [12:36:04 a. m.] [room] Entrando a sala 0X4O3. @ http://localhost:8080/src/state/appState.js:124
[  645131ms] [INFO] [12:36:06 a. m.] [connection] Activa @ http://localhost:8080/src/state/appState.js:124
[  645134ms] [INFO] [12:36:06 a. m.] [firebase] Sesion anonima conectada. @ http://localhost:8080/src/state/appState.js:124
[  645138ms] [INFO] [12:36:06 a. m.] [firebase] Offset de tiempo: 2290 ms. @ http://localhost:8080/src/state/appState.js:124
[  645184ms] [INFO] [12:36:06 a. m.] [ui] Chat interno oculto. @ http://localhost:8080/src/state/appState.js:124
[  645189ms] [INFO] [12:36:06 a. m.] [room] Sala 0X4O3 activa. @ http://localhost:8080/src/state/appState.js:124
[  697712ms] [INFO] [12:36:58 a. m.] [ui] Estilo de chat interno: float. @ http://localhost:8080/src/state/appState.js:124
[  697715ms] [INFO] [12:36:58 a. m.] [ui] Chat interno oculto. @ http://localhost:8080/src/state/appState.js:124
[  697727ms] [INFO] [12:36:58 a. m.] [ui] Chat lateral en posicion: abajo. @ http://localhost:8080/src/state/appState.js:124
[  697734ms] [INFO] [12:36:58 a. m.] [app] Interfaz lista. Video de ejemplo precargado. @ http://localhost:8080/src/state/appState.js:124
[  697747ms] [INFO] [12:36:58 a. m.] [connection] Iniciando @ http://localhost:8080/src/state/appState.js:124
[  697749ms] [INFO] [12:36:58 a. m.] [room] Entrando a sala 0X4O3. @ http://localhost:8080/src/state/appState.js:124
[  699188ms] [INFO] [12:37:00 a. m.] [connection] Activa @ http://localhost:8080/src/state/appState.js:124
[  699192ms] [INFO] [12:37:00 a. m.] [firebase] Sesion anonima conectada. @ http://localhost:8080/src/state/appState.js:124
[  699195ms] [INFO] [12:37:00 a. m.] [firebase] Offset de tiempo: 2294 ms. @ http://localhost:8080/src/state/appState.js:124
[  699222ms] [INFO] [12:37:00 a. m.] [ui] Chat interno oculto. @ http://localhost:8080/src/state/appState.js:124
[  699227ms] [INFO] [12:37:00 a. m.] [room] Sala 0X4O3 activa. @ http://localhost:8080/src/state/appState.js:124
[  711850ms] [ERROR] Connecting to 'https://unpkg.com/lucide@0.468.0/dist/umd/lucide.min.js.map' violates the following Content Security Policy directive: "connect-src 'self' http://localhost:* http://127.0.0.1:* https://*.googleapis.com https://*.firebaseio.com wss://*.firebaseio.com https://*.firebasedatabase.app wss://*.firebasedatabase.app https://identitytoolkit.googleapis.com https://securetoken.googleapis.com". The request has been blocked.
 @ :0
[  711863ms] [ERROR] Connecting to 'https://www.gstatic.com/firebasejs/10.12.5/firebase-app.js.map' violates the following Content Security Policy directive: "connect-src 'self' http://localhost:* http://127.0.0.1:* https://*.googleapis.com https://*.firebaseio.com wss://*.firebaseio.com https://*.firebasedatabase.app wss://*.firebasedatabase.app https://identitytoolkit.googleapis.com https://securetoken.googleapis.com". The request has been blocked.
 @ :0
[  711864ms] [ERROR] Connecting to 'https://www.gstatic.com/firebasejs/10.12.5/firebase-auth.js.map' violates the following Content Security Policy directive: "connect-src 'self' http://localhost:* http://127.0.0.1:* https://*.googleapis.com https://*.firebaseio.com wss://*.firebaseio.com https://*.firebasedatabase.app wss://*.firebasedatabase.app https://identitytoolkit.googleapis.com https://securetoken.googleapis.com". The request has been blocked.
 @ :0
[  711865ms] [ERROR] Connecting to 'https://www.gstatic.com/firebasejs/10.12.5/firebase-database.js.map' violates the following Content Security Policy directive: "connect-src 'self' http://localhost:* http://127.0.0.1:* https://*.googleapis.com https://*.firebaseio.com wss://*.firebaseio.com https://*.firebasedatabase.app wss://*.firebasedatabase.app https://identitytoolkit.googleapis.com https://securetoken.googleapis.com". The request has been blocked.
 @ :0
[  887602ms] [INFO] [12:40:08 a. m.] [ui] Chat externo contraido. @ http://localhost:8080/src/state/appState.js:124
[  888785ms] [INFO] [12:40:09 a. m.] [ui] Chat externo expandido. @ http://localhost:8080/src/state/appState.js:124
[  958440ms] [INFO] [12:41:19 a. m.] [ui] Estilo de chat interno: float. @ http://localhost:8080/src/state/appState.js:124
[  958446ms] [INFO] [12:41:19 a. m.] [ui] Chat interno oculto. @ http://localhost:8080/src/state/appState.js:124
[  958458ms] [INFO] [12:41:19 a. m.] [ui] Chat lateral en posicion: abajo. @ http://localhost:8080/src/state/appState.js:124
[  958468ms] [INFO] [12:41:19 a. m.] [app] Interfaz lista. Video de ejemplo precargado. @ http://localhost:8080/src/state/appState.js:124
[  958485ms] [INFO] [12:41:19 a. m.] [connection] Iniciando @ http://localhost:8080/src/state/appState.js:124
[  958487ms] [INFO] [12:41:19 a. m.] [room] Entrando a sala 0X4O3. @ http://localhost:8080/src/state/appState.js:124
[  960241ms] [INFO] [12:41:21 a. m.] [connection] Activa @ http://localhost:8080/src/state/appState.js:124
[  960244ms] [INFO] [12:41:21 a. m.] [firebase] Sesion anonima conectada. @ http://localhost:8080/src/state/appState.js:124
[  960248ms] [INFO] [12:41:21 a. m.] [firebase] Offset de tiempo: 2274 ms. @ http://localhost:8080/src/state/appState.js:124
[  960285ms] [INFO] [12:41:21 a. m.] [ui] Chat interno oculto. @ http://localhost:8080/src/state/appState.js:124
[  960292ms] [INFO] [12:41:21 a. m.] [room] Sala 0X4O3 activa. @ http://localhost:8080/src/state/appState.js:124
[ 1004650ms] [INFO] [12:42:05 a. m.] [ui] Chat externo contraido. @ http://localhost:8080/src/state/appState.js:124
[ 1011314ms] [INFO] [12:42:12 a. m.] [ui] Chat externo expandido. @ http://localhost:8080/src/state/appState.js:124
[ 1030744ms] [INFO] [12:42:31 a. m.] [ui] Estilo de chat interno: float. @ http://localhost:8080/src/state/appState.js:124
[ 1030746ms] [INFO] [12:42:31 a. m.] [ui] Chat interno oculto. @ http://localhost:8080/src/state/appState.js:124
[ 1030757ms] [INFO] [12:42:31 a. m.] [ui] Chat lateral en posicion: abajo. @ http://localhost:8080/src/state/appState.js:124
[ 1030763ms] [INFO] [12:42:31 a. m.] [app] Interfaz lista. Video de ejemplo precargado. @ http://localhost:8080/src/state/appState.js:124
[ 1030775ms] [INFO] [12:42:31 a. m.] [connection] Iniciando @ http://localhost:8080/src/state/appState.js:124
[ 1030777ms] [INFO] [12:42:31 a. m.] [room] Entrando a sala 0X4O3. @ http://localhost:8080/src/state/appState.js:124
[ 1033275ms] [INFO] [12:42:34 a. m.] [connection] Activa @ http://localhost:8080/src/state/appState.js:124
[ 1033277ms] [INFO] [12:42:34 a. m.] [firebase] Sesion anonima conectada. @ http://localhost:8080/src/state/appState.js:124
[ 1033280ms] [INFO] [12:42:34 a. m.] [firebase] Offset de tiempo: 2265 ms. @ http://localhost:8080/src/state/appState.js:124
[ 1033309ms] [INFO] [12:42:34 a. m.] [ui] Chat interno oculto. @ http://localhost:8080/src/state/appState.js:124
[ 1033314ms] [INFO] [12:42:34 a. m.] [room] Sala 0X4O3 activa. @ http://localhost:8080/src/state/appState.js:124
[ 1072626ms] [INFO] [12:43:13 a. m.] [ui] Estilo de chat interno: float. @ http://localhost:8080/src/state/appState.js:124
[ 1072629ms] [INFO] [12:43:13 a. m.] [ui] Chat interno oculto. @ http://localhost:8080/src/state/appState.js:124
[ 1072643ms] [INFO] [12:43:13 a. m.] [ui] Chat lateral en posicion: abajo. @ http://localhost:8080/src/state/appState.js:124
[ 1072651ms] [INFO] [12:43:13 a. m.] [app] Interfaz lista. Video de ejemplo precargado. @ http://localhost:8080/src/state/appState.js:124
[ 1072663ms] [INFO] [12:43:13 a. m.] [connection] Iniciando @ http://localhost:8080/src/state/appState.js:124
[ 1072665ms] [INFO] [12:43:13 a. m.] [room] Entrando a sala 0X4O3. @ http://localhost:8080/src/state/appState.js:124
[ 1074205ms] [INFO] [12:43:15 a. m.] [connection] Activa @ http://localhost:8080/src/state/appState.js:124
[ 1074207ms] [INFO] [12:43:15 a. m.] [firebase] Sesion anonima conectada. @ http://localhost:8080/src/state/appState.js:124
[ 1074209ms] [INFO] [12:43:15 a. m.] [firebase] Offset de tiempo: 2277 ms. @ http://localhost:8080/src/state/appState.js:124
[ 1074233ms] [INFO] [12:43:15 a. m.] [ui] Chat interno oculto. @ http://localhost:8080/src/state/appState.js:124
[ 1074239ms] [INFO] [12:43:15 a. m.] [room] Sala 0X4O3 activa. @ http://localhost:8080/src/state/appState.js:124
[ 1122985ms] [INFO] [12:44:04 a. m.] [ui] Estilo de chat interno: float. @ http://localhost:8080/src/state/appState.js:124
[ 1122988ms] [INFO] [12:44:04 a. m.] [ui] Chat interno oculto. @ http://localhost:8080/src/state/appState.js:124
[ 1122997ms] [INFO] [12:44:04 a. m.] [ui] Chat lateral en posicion: abajo. @ http://localhost:8080/src/state/appState.js:124
[ 1123003ms] [INFO] [12:44:04 a. m.] [app] Interfaz lista. Video de ejemplo precargado. @ http://localhost:8080/src/state/appState.js:124
[ 1123013ms] [INFO] [12:44:04 a. m.] [connection] Iniciando @ http://localhost:8080/src/state/appState.js:124
[ 1123014ms] [INFO] [12:44:04 a. m.] [room] Entrando a sala 0X4O3. @ http://localhost:8080/src/state/appState.js:124
[ 1124729ms] [INFO] [12:44:05 a. m.] [connection] Activa @ http://localhost:8080/src/state/appState.js:124
[ 1124731ms] [INFO] [12:44:05 a. m.] [firebase] Sesion anonima conectada. @ http://localhost:8080/src/state/appState.js:124
[ 1124734ms] [INFO] [12:44:05 a. m.] [firebase] Offset de tiempo: 2294 ms. @ http://localhost:8080/src/state/appState.js:124
[ 1124757ms] [INFO] [12:44:05 a. m.] [ui] Chat interno oculto. @ http://localhost:8080/src/state/appState.js:124
[ 1124760ms] [INFO] [12:44:05 a. m.] [room] Sala 0X4O3 activa. @ http://localhost:8080/src/state/appState.js:124
[ 1141643ms] [ERROR] Connecting to 'https://unpkg.com/lucide@0.468.0/dist/umd/lucide.min.js.map' violates the following Content Security Policy directive: "connect-src 'self' http://localhost:* http://127.0.0.1:* https://*.googleapis.com https://*.firebaseio.com wss://*.firebaseio.com https://*.firebasedatabase.app wss://*.firebasedatabase.app https://identitytoolkit.googleapis.com https://securetoken.googleapis.com". The request has been blocked.
 @ :0
[ 1141656ms] [ERROR] Connecting to 'https://www.gstatic.com/firebasejs/10.12.5/firebase-app.js.map' violates the following Content Security Policy directive: "connect-src 'self' http://localhost:* http://127.0.0.1:* https://*.googleapis.com https://*.firebaseio.com wss://*.firebaseio.com https://*.firebasedatabase.app wss://*.firebasedatabase.app https://identitytoolkit.googleapis.com https://securetoken.googleapis.com". The request has been blocked.
 @ :0
[ 1141656ms] [ERROR] Connecting to 'https://www.gstatic.com/firebasejs/10.12.5/firebase-auth.js.map' violates the following Content Security Policy directive: "connect-src 'self' http://localhost:* http://127.0.0.1:* https://*.googleapis.com https://*.firebaseio.com wss://*.firebaseio.com https://*.firebasedatabase.app wss://*.firebasedatabase.app https://identitytoolkit.googleapis.com https://securetoken.googleapis.com". The request has been blocked.
 @ :0
[ 1141657ms] [ERROR] Connecting to 'https://www.gstatic.com/firebasejs/10.12.5/firebase-database.js.map' violates the following Content Security Policy directive: "connect-src 'self' http://localhost:* http://127.0.0.1:* https://*.googleapis.com https://*.firebaseio.com wss://*.firebaseio.com https://*.firebasedatabase.app wss://*.firebasedatabase.app https://identitytoolkit.googleapis.com https://securetoken.googleapis.com". The request has been blocked.
 @ :0
[ 1170632ms] [ERROR] Connecting to 'https://unpkg.com/lucide@0.468.0/dist/umd/lucide.min.js.map' violates the following Content Security Policy directive: "connect-src 'self' http://localhost:* http://127.0.0.1:* https://*.googleapis.com https://*.firebaseio.com wss://*.firebaseio.com https://*.firebasedatabase.app wss://*.firebasedatabase.app https://identitytoolkit.googleapis.com https://securetoken.googleapis.com". The request has been blocked.
 @ :0
[ 1170633ms] [ERROR] Connecting to 'https://www.gstatic.com/firebasejs/10.12.5/firebase-app.js.map' violates the following Content Security Policy directive: "connect-src 'self' http://localhost:* http://127.0.0.1:* https://*.googleapis.com https://*.firebaseio.com wss://*.firebaseio.com https://*.firebasedatabase.app wss://*.firebasedatabase.app https://identitytoolkit.googleapis.com https://securetoken.googleapis.com". The request has been blocked.
 @ :0
[ 1170633ms] [ERROR] Connecting to 'https://www.gstatic.com/firebasejs/10.12.5/firebase-auth.js.map' violates the following Content Security Policy directive: "connect-src 'self' http://localhost:* http://127.0.0.1:* https://*.googleapis.com https://*.firebaseio.com wss://*.firebaseio.com https://*.firebasedatabase.app wss://*.firebasedatabase.app https://identitytoolkit.googleapis.com https://securetoken.googleapis.com". The request has been blocked.
 @ :0
[ 1170634ms] [ERROR] Connecting to 'https://www.gstatic.com/firebasejs/10.12.5/firebase-database.js.map' violates the following Content Security Policy directive: "connect-src 'self' http://localhost:* http://127.0.0.1:* https://*.googleapis.com https://*.firebaseio.com wss://*.firebaseio.com https://*.firebasedatabase.app wss://*.firebasedatabase.app https://identitytoolkit.googleapis.com https://securetoken.googleapis.com". The request has been blocked.
 @ :0
[ 1213539ms] [ERROR] Connecting to 'https://unpkg.com/lucide@0.468.0/dist/umd/lucide.min.js.map' violates the following Content Security Policy directive: "connect-src 'self' http://localhost:* http://127.0.0.1:* https://*.googleapis.com https://*.firebaseio.com wss://*.firebaseio.com https://*.firebasedatabase.app wss://*.firebasedatabase.app https://identitytoolkit.googleapis.com https://securetoken.googleapis.com". The request has been blocked.
 @ :0
[ 1213539ms] [ERROR] Connecting to 'https://www.gstatic.com/firebasejs/10.12.5/firebase-app.js.map' violates the following Content Security Policy directive: "connect-src 'self' http://localhost:* http://127.0.0.1:* https://*.googleapis.com https://*.firebaseio.com wss://*.firebaseio.com https://*.firebasedatabase.app wss://*.firebasedatabase.app https://identitytoolkit.googleapis.com https://securetoken.googleapis.com". The request has been blocked.
 @ :0
[ 1213539ms] [ERROR] Connecting to 'https://www.gstatic.com/firebasejs/10.12.5/firebase-auth.js.map' violates the following Content Security Policy directive: "connect-src 'self' http://localhost:* http://127.0.0.1:* https://*.googleapis.com https://*.firebaseio.com wss://*.firebaseio.com https://*.firebasedatabase.app wss://*.firebasedatabase.app https://identitytoolkit.googleapis.com https://securetoken.googleapis.com". The request has been blocked.
 @ :0
[ 1213540ms] [ERROR] Connecting to 'https://www.gstatic.com/firebasejs/10.12.5/firebase-database.js.map' violates the following Content Security Policy directive: "connect-src 'self' http://localhost:* http://127.0.0.1:* https://*.googleapis.com https://*.firebaseio.com wss://*.firebaseio.com https://*.firebasedatabase.app wss://*.firebasedatabase.app https://identitytoolkit.googleapis.com https://securetoken.googleapis.com". The request has been blocked.
 @ :0
[ 1460405ms] [INFO] [12:49:41 a. m.] [ui] Estilo de chat interno: float. @ http://localhost:8080/src/state/appState.js:124
[ 1460409ms] [INFO] [12:49:41 a. m.] [ui] Chat interno oculto. @ http://localhost:8080/src/state/appState.js:124
[ 1460421ms] [INFO] [12:49:41 a. m.] [ui] Chat lateral en posicion: abajo. @ http://localhost:8080/src/state/appState.js:124
[ 1460427ms] [INFO] [12:49:41 a. m.] [app] Interfaz lista. Video de ejemplo precargado. @ http://localhost:8080/src/state/appState.js:124
[ 1460437ms] [INFO] [12:49:41 a. m.] [connection] Iniciando @ http://localhost:8080/src/state/appState.js:124
[ 1460440ms] [INFO] [12:49:41 a. m.] [room] Entrando a sala 0X4O3. @ http://localhost:8080/src/state/appState.js:124
[ 1462329ms] [INFO] [12:49:43 a. m.] [connection] Activa @ http://localhost:8080/src/state/appState.js:124
[ 1462331ms] [INFO] [12:49:43 a. m.] [firebase] Sesion anonima conectada. @ http://localhost:8080/src/state/appState.js:124
[ 1462334ms] [INFO] [12:49:43 a. m.] [firebase] Offset de tiempo: 2280 ms. @ http://localhost:8080/src/state/appState.js:124
[ 1462363ms] [INFO] [12:49:43 a. m.] [ui] Chat interno oculto. @ http://localhost:8080/src/state/appState.js:124
[ 1462369ms] [INFO] [12:49:43 a. m.] [room] Sala 0X4O3 activa. @ http://localhost:8080/src/state/appState.js:124
[ 1481933ms] [ERROR] Connecting to 'https://unpkg.com/lucide@0.468.0/dist/umd/lucide.min.js.map' violates the following Content Security Policy directive: "connect-src 'self' http://localhost:* http://127.0.0.1:* https://*.googleapis.com https://*.firebaseio.com wss://*.firebaseio.com https://*.firebasedatabase.app wss://*.firebasedatabase.app https://identitytoolkit.googleapis.com https://securetoken.googleapis.com". The request has been blocked.
 @ :0
[ 1481934ms] [ERROR] Connecting to 'https://www.gstatic.com/firebasejs/10.12.5/firebase-app.js.map' violates the following Content Security Policy directive: "connect-src 'self' http://localhost:* http://127.0.0.1:* https://*.googleapis.com https://*.firebaseio.com wss://*.firebaseio.com https://*.firebasedatabase.app wss://*.firebasedatabase.app https://identitytoolkit.googleapis.com https://securetoken.googleapis.com". The request has been blocked.
 @ :0
[ 1481934ms] [ERROR] Connecting to 'https://www.gstatic.com/firebasejs/10.12.5/firebase-auth.js.map' violates the following Content Security Policy directive: "connect-src 'self' http://localhost:* http://127.0.0.1:* https://*.googleapis.com https://*.firebaseio.com wss://*.firebaseio.com https://*.firebasedatabase.app wss://*.firebasedatabase.app https://identitytoolkit.googleapis.com https://securetoken.googleapis.com". The request has been blocked.
 @ :0
[ 1481935ms] [ERROR] Connecting to 'https://www.gstatic.com/firebasejs/10.12.5/firebase-database.js.map' violates the following Content Security Policy directive: "connect-src 'self' http://localhost:* http://127.0.0.1:* https://*.googleapis.com https://*.firebaseio.com wss://*.firebaseio.com https://*.firebasedatabase.app wss://*.firebasedatabase.app https://identitytoolkit.googleapis.com https://securetoken.googleapis.com". The request has been blocked.
 @ :0
[ 1811540ms] [ERROR] Connecting to 'https://unpkg.com/lucide@0.468.0/dist/umd/lucide.min.js.map' violates the following Content Security Policy directive: "connect-src 'self' http://localhost:* http://127.0.0.1:* https://*.googleapis.com https://*.firebaseio.com wss://*.firebaseio.com https://*.firebasedatabase.app wss://*.firebasedatabase.app https://identitytoolkit.googleapis.com https://securetoken.googleapis.com". The request has been blocked.
 @ :0
[ 1811706ms] [INFO] [12:55:32 a. m.] [ui] Estilo de chat interno: float. @ http://localhost:8080/src/state/appState.js:124
[ 1811714ms] [INFO] [12:55:32 a. m.] [ui] Chat interno oculto. @ http://localhost:8080/src/state/appState.js:124
[ 1811732ms] [INFO] [12:55:32 a. m.] [ui] Chat lateral en posicion: abajo. @ http://localhost:8080/src/state/appState.js:124
[ 1811746ms] [INFO] [12:55:32 a. m.] [app] Interfaz lista. Video de ejemplo precargado. @ http://localhost:8080/src/state/appState.js:124
[ 1811762ms] [INFO] [12:55:32 a. m.] [connection] Iniciando @ http://localhost:8080/src/state/appState.js:124
[ 1811764ms] [INFO] [12:55:32 a. m.] [room] Entrando a sala 0X4O3. @ http://localhost:8080/src/state/appState.js:124
[ 1812316ms] [ERROR] Connecting to 'https://www.gstatic.com/firebasejs/10.12.5/firebase-app.js.map' violates the following Content Security Policy directive: "connect-src 'self' http://localhost:* http://127.0.0.1:* https://*.googleapis.com https://*.firebaseio.com wss://*.firebaseio.com https://*.firebasedatabase.app wss://*.firebasedatabase.app https://identitytoolkit.googleapis.com https://securetoken.googleapis.com". The request has been blocked.
 @ :0
[ 1812317ms] [ERROR] Connecting to 'https://www.gstatic.com/firebasejs/10.12.5/firebase-auth.js.map' violates the following Content Security Policy directive: "connect-src 'self' http://localhost:* http://127.0.0.1:* https://*.googleapis.com https://*.firebaseio.com wss://*.firebaseio.com https://*.firebasedatabase.app wss://*.firebasedatabase.app https://identitytoolkit.googleapis.com https://securetoken.googleapis.com". The request has been blocked.
 @ :0
[ 1812318ms] [ERROR] Connecting to 'https://www.gstatic.com/firebasejs/10.12.5/firebase-database.js.map' violates the following Content Security Policy directive: "connect-src 'self' http://localhost:* http://127.0.0.1:* https://*.googleapis.com https://*.firebaseio.com wss://*.firebaseio.com https://*.firebasedatabase.app wss://*.firebasedatabase.app https://identitytoolkit.googleapis.com https://securetoken.googleapis.com". The request has been blocked.
 @ :0
[ 1813367ms] [INFO] [12:55:34 a. m.] [connection] Activa @ http://localhost:8080/src/state/appState.js:124
[ 1813370ms] [INFO] [12:55:34 a. m.] [firebase] Sesion anonima conectada. @ http://localhost:8080/src/state/appState.js:124
[ 1813375ms] [INFO] [12:55:34 a. m.] [firebase] Offset de tiempo: 2298 ms. @ http://localhost:8080/src/state/appState.js:124
[ 1813406ms] [INFO] [12:55:34 a. m.] [ui] Chat interno oculto. @ http://localhost:8080/src/state/appState.js:124
[ 1813413ms] [INFO] [12:55:34 a. m.] [room] Sala 0X4O3 activa. @ http://localhost:8080/src/state/appState.js:124
